 zlibwapi

 Timestamp is 5b26b219 (Sun Jun 17 21:10:17 2018)

 Preferred load address is 10000000

 Start         Length     Name                   Class
 0001:00000000 0001d9caH .text$mn                CODE
 0002:00000000 0000010cH .idata$5                DATA
 0002:0000010c 00000004H .CRT$XCA                DATA
 0002:00000110 00000004H .CRT$XCZ                DATA
 0002:00000114 00000004H .CRT$XIA                DATA
 0002:00000118 00000010H .CRT$XIC                DATA
 0002:00000128 00000004H .CRT$XIZ                DATA
 0002:0000012c 00000004H .CRT$XPA                DATA
 0002:00000130 00000008H .CRT$XPX                DATA
 0002:00000138 00000004H .CRT$XPXA               DATA
 0002:0000013c 00000004H .CRT$XPZ                DATA
 0002:00000140 00000004H .CRT$XTA                DATA
 0002:00000144 00000004H .CRT$XTZ                DATA
 0002:00000150 000082a8H .rdata                  DATA
 0002:000083f8 00000004H .rtc$IAA                DATA
 0002:000083fc 00000004H .rtc$IZZ                DATA
 0002:00008400 00000004H .rtc$TAA                DATA
 0002:00008404 00000004H .rtc$TZZ                DATA
 0002:00008408 0000047cH .xdata$x                DATA
 0002:00008890 00000cf9H .edata                  DATA
 0002:0000958c 00000014H .idata$2                DATA
 0002:000095a0 00000014H .idata$3                DATA
 0002:000095b4 0000010cH .idata$4                DATA
 0002:000096c0 000004c0H .idata$6                DATA
 0003:00000000 000011c0H .data                   DATA
 0003:000011c0 00001e50H .bss                    DATA
 0004:00000000 00000058H .rsrc$01                DATA
 0004:00000060 00000338H .rsrc$02                DATA

  Address         Publics by Value              Rva+Base       Lib:Object

 0000:00000000       ___guard_flags             00000000     <absolute>
 0000:00000000       ___guard_fids_count        00000000     <absolute>
 0000:00000000       ___safe_se_handler_count   00000000     <absolute>
 0000:00000000       __except_list              00000000     <absolute>
 0000:00000000       ___guard_fids_table        00000000     <absolute>
 0000:00000000       ___safe_se_handler_table   00000000     <absolute>
 0000:00000000       ___ImageBase               10000000     <linker-defined>
 0001:00000000       _adler32_z@12              10001000 f   adler32.obj
 0001:00000280       _adler32@12                10001280 f   adler32.obj
 0001:00000350       _adler32_combine@12        10001350 f   adler32.obj
 0001:00000370       _compress2@20              10001370 f   compress.obj
 0001:00000450       _compress@16               10001450 f   compress.obj
 0001:00000470       _compressBound@4           10001470 f   compress.obj
 0001:00000490       _get_crc_table@0           10001490 f   crc32.obj
 0001:000004a0       _crc32_z@12                100014a0 f   crc32.obj
 0001:000004d0       _crc32@12                  100014d0 f   crc32.obj
 0001:000008f0       _crc32_combine@12          100018f0 f   crc32.obj
 0001:00000960       _deflateInit_@16           10001960 f   deflate.obj
 0001:00000980       _deflateInit2_@32          10001980 f   deflate.obj
 0001:00000c20       _deflateSetDictionary@12   10001c20 f   deflate.obj
 0001:00000dd0       _deflateGetDictionary@12   10001dd0 f   deflate.obj
 0001:00000e30       _deflateResetKeep@4        10001e30 f   deflate.obj
 0001:00000ee0       _deflateReset@4            10001ee0 f   deflate.obj
 0001:00000f10       _deflateSetHeader@8        10001f10 f   deflate.obj
 0001:00000f40       _deflatePending@12         10001f40 f   deflate.obj
 0001:00000f80       _deflatePrime@12           10001f80 f   deflate.obj
 0001:00001010       _deflateParams@12          10002010 f   deflate.obj
 0001:00001170       _deflateTune@20            10002170 f   deflate.obj
 0001:000011c0       _deflateBound@8            100021c0 f   deflate.obj
 0001:00001330       _deflate@8                 10002330 f   deflate.obj
 0001:00001bd0       _deflateEnd@4              10002bd0 f   deflate.obj
 0001:00001c70       _deflateCopy@8             10002c70 f   deflate.obj
 0001:00002f60       _gzclose@4                 10003f60 f   gzclose.obj
 0001:00003300       _gzopen@8                  10004300 f   gzlib.obj
 0001:00003320       _gzdopen@8                 10004320 f   gzlib.obj
 0001:00003380       _gzopen_w@8                10004380 f   gzlib.obj
 0001:000033a0       _gzbuffer@8                100043a0 f   gzlib.obj
 0001:000033f0       _gzrewind@4                100043f0 f   gzlib.obj
 0001:00003450       _gzseek64@16               10004450 f   gzlib.obj
 0001:000035e0       _gzseek@12                 100045e0 f   gzlib.obj
 0001:00003620       _gztell64@4                10004620 f   gzlib.obj
 0001:00003680       _gztell@4                  10004680 f   gzlib.obj
 0001:000036b0       _gzoffset64@4              100046b0 f   gzlib.obj
 0001:00003700       _gzoffset@4                10004700 f   gzlib.obj
 0001:00003730       _gzeof@4                   10004730 f   gzlib.obj
 0001:00003770       _gzerror@8                 10004770 f   gzlib.obj
 0001:000037c0       _gzclearerr@4              100047c0 f   gzlib.obj
 0001:00003800       _gz_error                  10004800 f   gzlib.obj
 0001:00003e80       _gzread@12                 10004e80 f   gzread.obj
 0001:00003ef0       _gzfread@16                10004ef0 f   gzread.obj
 0001:00003f70       _gzgetc@4                  10004f70 f   gzread.obj
 0001:00003fe0       _gzgetc_@4                 10004fe0 f   gzread.obj
 0001:00003ff0       _gzungetc@8                10004ff0 f   gzread.obj
 0001:000040d0       _gzgets@12                 100050d0 f   gzread.obj
 0001:000041e0       _gzdirect@4                100051e0 f   gzread.obj
 0001:00004220       _gzclose_r@4               10005220 f   gzread.obj
 0001:000046b0       _gzwrite@12                100056b0 f   gzwrite.obj
 0001:00004700       _gzfwrite@16               10005700 f   gzwrite.obj
 0001:00004770       _gzputc@8                  10005770 f   gzwrite.obj
 0001:00004820       _gzputs@8                  10005820 f   gzwrite.obj
 0001:00004870       _gzvprintf                 10005870 f   gzwrite.obj
 0001:00004970       _gzprintf                  10005970 f   gzwrite.obj
 0001:00004990       _gzflush@8                 10005990 f   gzwrite.obj
 0001:000049f0       _gzsetparams@12            100059f0 f   gzwrite.obj
 0001:00004a90       _gzclose_w@4               10005a90 f   gzwrite.obj
 0001:00004b50       _inflateBackInit_@20       10005b50 f   infback.obj
 0001:00004c50       _inflateBack@20            10005c50 f   infback.obj
 0001:00005a70       _inflateBackEnd@4          10006a70 f   infback.obj
 0001:00005af0       _inflateResetKeep@4        10006af0 f   inflate.obj
 0001:00005b90       _inflateReset@4            10006b90 f   inflate.obj
 0001:00005bd0       _inflateReset2@8           10006bd0 f   inflate.obj
 0001:00005c60       _inflateInit2_@16          10006c60 f   inflate.obj
 0001:00005d30       _inflateInit_@12           10006d30 f   inflate.obj
 0001:00005d50       _inflatePrime@12           10006d50 f   inflate.obj
 0001:00005ee0       _inflate@8                 10006ee0 f   inflate.obj
 0001:00007650       _inflateEnd@4              10008650 f   inflate.obj
 0001:000076a0       _inflateGetDictionary@12   100086a0 f   inflate.obj
 0001:00007710       _inflateSetDictionary@12   10008710 f   inflate.obj
 0001:000077c0       _inflateGetHeader@8        100087c0 f   inflate.obj
 0001:00007880       _inflateSync@4             10008880 f   inflate.obj
 0001:00007970       _inflateSyncPoint@4        10008970 f   inflate.obj
 0001:000079b0       _inflateCopy@8             100089b0 f   inflate.obj
 0001:00007b10       _inflateUndermine@8        10008b10 f   inflate.obj
 0001:00007b40       _inflateValidate@8         10008b40 f   inflate.obj
 0001:00007b80       _inflateMark@4             10008b80 f   inflate.obj
 0001:00007bf0       _inflateCodesUsed@4        10008bf0 f   inflate.obj
 0001:00007c20       _inflate_table             10008c20 f   inftrees.obj
 0001:00007ff0       _call_zopen64              10008ff0 f   ioapi.obj
 0001:00008010       _call_zseek64              10009010 f   ioapi.obj
 0001:00008070       _call_ztell64              10009070 f   ioapi.obj
 0001:000080a0       _fill_zlib_filefunc64_32_def_from_filefunc32 100090a0 f   ioapi.obj
 0001:00008200       _fill_fopen64_filefunc     10009200 f   ioapi.obj
 0001:000082f0       _win32_open_file_func      100092f0 f   iowin32.obj
 0001:000082f0       _win32_open64_file_func    100092f0 f   iowin32.obj
 0001:000082f0       _win32_open64_file_funcA   100092f0 f   iowin32.obj
 0001:00008350       _win32_open64_file_funcW   10009350 f   iowin32.obj
 0001:000083b0       _win32_read_file_func      100093b0 f   iowin32.obj
 0001:00008400       _win32_write_file_func     10009400 f   iowin32.obj
 0001:000084b0       _win32_tell_file_func      100094b0 f   iowin32.obj
 0001:00008500       _win32_tell64_file_func    10009500 f   iowin32.obj
 0001:00008560       _win32_seek_file_func      10009560 f   iowin32.obj
 0001:000085d0       _win32_seek64_file_func    100095d0 f   iowin32.obj
 0001:00008640       _win32_close_file_func     10009640 f   iowin32.obj
 0001:00008670       _win32_error_file_func     10009670 f   iowin32.obj
 0001:00008690       _fill_win32_filefunc       10009690 f   iowin32.obj
 0001:000086d0       _fill_win32_filefunc64     100096d0 f   iowin32.obj
 0001:000086d0       _fill_win32_filefunc64A    100096d0 f   iowin32.obj
 0001:00008710       _fill_win32_filefunc64W    10009710 f   iowin32.obj
 0001:00008750       __tr_init                  10009750 f   trees.obj
 0001:000096e0       __tr_stored_block          1000a6e0 f   trees.obj
 0001:000097d0       __tr_flush_bits            1000a7d0 f   trees.obj
 0001:000097e0       __tr_align                 1000a7e0 f   trees.obj
 0001:000098d0       __tr_flush_block           1000a8d0 f   trees.obj
 0001:0000a040       _uncompress2@16            1000b040 f   uncompr.obj
 0001:0000a170       _uncompress@16             1000b170 f   uncompr.obj
 0001:0000a4c0       _unzStringFileNameCompare@12 1000b4c0 f   unzip.obj
 0001:0000ad70       _unzOpen2@8                1000bd70 f   unzip.obj
 0001:0000adc0       _unzOpen2_64@8             1000bdc0 f   unzip.obj
 0001:0000ae20       _unzOpen@4                 1000be20 f   unzip.obj
 0001:0000ae40       _unzOpen64@4               1000be40 f   unzip.obj
 0001:0000ae60       _unzClose@4                1000be60 f   unzip.obj
 0001:0000aea0       _unzGetGlobalInfo64@8      1000bea0 f   unzip.obj
 0001:0000aed0       _unzGetGlobalInfo@8        1000bed0 f   unzip.obj
 0001:0000b550       _unzGetCurrentFileInfo64@32 1000c550 f   unzip.obj
 0001:0000b580       _unzGetCurrentFileInfo@32  1000c580 f   unzip.obj
 0001:0000b640       _unzGoToFirstFile@4        1000c640 f   unzip.obj
 0001:0000b6b0       _unzGoToNextFile@4         1000c6b0 f   unzip.obj
 0001:0000b760       _unzLocateFile@12          1000c760 f   unzip.obj
 0001:0000b920       _unzGetFilePos64@8         1000c920 f   unzip.obj
 0001:0000b970       _unzGetFilePos@8           1000c970 f   unzip.obj
 0001:0000b9a0       _unzGoToFilePos64@8        1000c9a0 f   unzip.obj
 0001:0000ba10       _unzGoToFilePos@8          1000ca10 f   unzip.obj
 0001:0000bcb0       _unzOpenCurrentFile3@20    1000ccb0 f   unzip.obj
 0001:0000bf20       _unzOpenCurrentFile@4      1000cf20 f   unzip.obj
 0001:0000bf40       _unzOpenCurrentFilePassword@8 1000cf40 f   unzip.obj
 0001:0000bf60       _unzOpenCurrentFile2@16    1000cf60 f   unzip.obj
 0001:0000bf80       _unzGetCurrentFileZStreamPos64@4 1000cf80 f   unzip.obj
 0001:0000bfc0       _unzReadCurrentFile@12     1000cfc0 f   unzip.obj
 0001:0000c280       _unztell@4                 1000d280 f   unzip.obj
 0001:0000c2b0       _unztell64@4               1000d2b0 f   unzip.obj
 0001:0000c2e0       _unzeof@4                  1000d2e0 f   unzip.obj
 0001:0000c320       _unzGetLocalExtrafield@12  1000d320 f   unzip.obj
 0001:0000c3f0       _unzCloseCurrentFile@4     1000d3f0 f   unzip.obj
 0001:0000c490       _unzGetGlobalComment@12    1000d490 f   unzip.obj
 0001:0000ce70       _LoadCentralDirectoryRecord 1000de70 f   zip.obj
 0001:0000d310       _zipOpen3@16               1000e310 f   zip.obj
 0001:0000d490       _zipOpen2@16               1000e490 f   zip.obj
 0001:0000d4e0       _zipOpen2_64@16            1000e4e0 f   zip.obj
 0001:0000d540       _zipOpen@8                 1000e540 f   zip.obj
 0001:0000d540       _zipOpen64@8               1000e540 f   zip.obj
 0001:0000d560       _Write_LocalFileHeader     1000e560 f   zip.obj
 0001:0000d770       _zipOpenNewFileInZip4_64@76 1000e770 f   zip.obj
 0001:0000dc50       _zipOpenNewFileInZip3@64   1000ec50 f   zip.obj
 0001:0000dca0       _zipOpenNewFileInZip3_64@68 1000eca0 f   zip.obj
 0001:0000dcf0       _zipOpenNewFileInZip2@44   1000ecf0 f   zip.obj
 0001:0000dd30       _zipOpenNewFileInZip2_64@48 1000ed30 f   zip.obj
 0001:0000dd70       _zipOpenNewFileInZip64@44  1000ed70 f   zip.obj
 0001:0000ddb0       _zipOpenNewFileInZip@40    1000edb0 f   zip.obj
 0001:0000deb0       _zipWriteInFileInZip@12    1000eeb0 f   zip.obj
 0001:0000dfb0       _zipCloseFileInZipRaw@12   1000efb0 f   zip.obj
 0001:0000dfd0       _zipCloseFileInZipRaw64@16 1000efd0 f   zip.obj
 0001:0000e4c0       _zipCloseFileInZip@4       1000f4c0 f   zip.obj
 0001:0000e4e0       _Write_Zip64EndOfCentralDirectoryLocator 1000f4e0 f   zip.obj
 0001:0000e560       _Write_Zip64EndOfCentralDirectoryRecord 1000f560 f   zip.obj
 0001:0000e680       _Write_EndOfCentralDirectoryRecord 1000f680 f   zip.obj
 0001:0000e7c0       _Write_GlobalComment       1000f7c0 f   zip.obj
 0001:0000e830       _zipClose@8                1000f830 f   zip.obj
 0001:0000e9c0       _zlibVersion@0             1000f9c0 f   zutil.obj
 0001:0000e9d0       _zlibCompileFlags@0        1000f9d0 f   zutil.obj
 0001:0000e9e0       _zError@4                  1000f9e0 f   zutil.obj
 0001:0000ea00       _zcalloc                   1000fa00 f   zutil.obj
 0001:0000ea20       _zcfree                    1000fa20 f   zutil.obj
 0001:0000ea30       _longest_match             1000fa30 f   match686.obj
 0001:0000ec18       _match_init                1000fc18 f   match686.obj
 0001:0000ed20       _inflate_fast              1000fd20 f   inffas32.obj
 0001:0000f3b3       __lseeki64                 100103b3 f   LIBCMT:lseeki64.obj
 0001:0000f4af       __lseeki64_nolock          100104af f   LIBCMT:lseeki64.obj
 0001:0000f5aa       __wopen                    100105aa f   LIBCMT:wopen.obj
 0001:0000f65a       __wsopen_nolock            1001065a f   LIBCMT:wopen.obj
 0001:0000fdad       _free                      10010dad f   LIBCMT:free.obj
 0001:0000fde5       __open                     10010de5 f   LIBCMT:open.obj
 0001:0000fe95       __sopen_helper             10010e95 f   LIBCMT:open.obj
 0001:0000ff5e       __sopen_nolock             10010f5e f   LIBCMT:open.obj
 0001:0000ffac       __sopen_s                  10010fac f   LIBCMT:open.obj
 0001:0000ffca       _malloc                    10010fca f   LIBCMT:malloc.obj
 0001:0001005c       __snprintf                 1001105c f   LIBCMT:snprintf.obj
 0001:00010108       ??0_LocaleUpdate@@QAE@PAUlocaleinfo_struct@@@Z 10011108 f i LIBCMT:wcstombs.obj
 0001:00010190       __wcstombs_l_helper        10011190 f   LIBCMT:wcstombs.obj
 0001:000103f7       _wcstombs                  100113f7 f   LIBCMT:wcstombs.obj
 0001:0001040f       __get_sys_err_msg          1001140f f i LIBCMT:strerror.obj
 0001:00010435       _strerror                  10011435 f   LIBCMT:strerror.obj
 0001:000104a0       _memchr                    100114a0 f   LIBCMT:memchr.obj
 0001:0001054d       ___doserrno                1001154d f   LIBCMT:dosmap.obj
 0001:00010560       __dosmaperr                10011560 f   LIBCMT:dosmap.obj
 0001:00010581       __errno                    10011581 f   LIBCMT:dosmap.obj
 0001:00010594       __get_errno_from_oserr     10011594 f   LIBCMT:dosmap.obj
 0001:000105d5       __read                     100115d5 f   LIBCMT:read.obj
 0001:000106e9       __read_nolock              100116e9 f   LIBCMT:read.obj
 0001:00010e7a       __close                    10011e7a f   LIBCMT:close.obj
 0001:00010f55       __close_nolock             10011f55 f   LIBCMT:close.obj
 0001:00010fef       __write                    10011fef f   LIBCMT:write.obj
 0001:000110de       __write_nolock             100120de f   LIBCMT:write.obj
 0001:00011943       __ftelli64                 10012943 f   LIBCMT:ftelli64.obj
 0001:000119be       __ftelli64_nolock          100129be f   LIBCMT:ftelli64.obj
 0001:00011d93       __fseeki64                 10012d93 f   LIBCMT:fseeki64.obj
 0001:00011e19       __fseeki64_nolock          10012e19 f   LIBCMT:fseeki64.obj
 0001:00011eca       __fsopen                   10012eca f   LIBCMT:fopen.obj
 0001:00011f8e       _fopen                     10012f8e f   LIBCMT:fopen.obj
 0001:00011fa3       __fread_nolock_s           10012fa3 f   LIBCMT:fread.obj
 0001:00012168       _fread                     10013168 f   LIBCMT:fread.obj
 0001:00012183       _fread_s                   10013183 f   LIBCMT:fread.obj
 0001:00012214       _ferror                    10013214 f   LIBCMT:feoferr.obj
 0001:0001223a       __fwrite_nolock            1001323a f   LIBCMT:fwrite.obj
 0001:00012393       _fwrite                    10013393 f   LIBCMT:fwrite.obj
 0001:00012415       __fclose_nolock            10013415 f   LIBCMT:fclose.obj
 0001:00012481       _fclose                    10013481 f   LIBCMT:fclose.obj
 0001:000124f8       _rand                      100134f8 f   LIBCMT:rand.obj
 0001:00012519       _srand                     10013519 f   LIBCMT:rand.obj
 0001:00012529       __time64                   10013529 f   LIBCMT:time64.obj
 0001:0001257a       __CRT_INIT@12              1001357a f   LIBCMT:dllcrt0.obj
 0001:000126ec       __DllMainCRTStartup@12     100136ec f   LIBCMT:dllcrt0.obj
 0001:0001281d       ___DllXcptFilter           1001381d f   LIBCMT:dllcrt0.obj
 0001:00012842       __call_reportfault         10013842 f   LIBCMT:invarg.obj
 0001:00012967       __initp_misc_invarg        10013967 f   LIBCMT:invarg.obj
 0001:00012974       __invalid_parameter        10013974 f   LIBCMT:invarg.obj
 0001:0001299f       __invalid_parameter_noinfo 1001399f f   LIBCMT:invarg.obj
 0001:000129af       __invoke_watson            100139af f   LIBCMT:invarg.obj
 0001:000129da       ___lock_fhandle            100139da f   LIBCMT:osfinfo.obj
 0001:00012a68       __alloc_osfhnd             10013a68 f   LIBCMT:osfinfo.obj
 0001:00012c11       __free_osfhnd              10013c11 f   LIBCMT:osfinfo.obj
 0001:00012c97       __get_osfhandle            10013c97 f   LIBCMT:osfinfo.obj
 0001:00012cfe       __set_osfhnd               10013cfe f   LIBCMT:osfinfo.obj
 0001:00012d80       __unlock_fhandle           10013d80 f   LIBCMT:osfinfo.obj
 0001:00012db0       __SEH_prolog4              10013db0 f   LIBCMT:sehprolg4.obj
 0001:00012df5       __SEH_epilog4              10013df5 f   LIBCMT:sehprolg4.obj
 0001:00012e10       __except_handler4          10013e10 f   LIBCMT:chandler4.obj
 0001:00012fa4       __ioinit                   10013fa4 f   LIBCMT:ioinit.obj
 0001:00013258       __ioterm                   10014258 f   LIBCMT:ioinit.obj
 0001:000132aa       __chsize_nolock            100142aa f   LIBCMT:chsize.obj
 0001:00013460       __get_fmode                10014460 f   LIBCMT:setmode.obj
 0001:0001348a       __setmode_nolock           1001448a f   LIBCMT:setmode.obj
 0001:00013557       ___crtFlsAlloc             10014557 f   LIBCMT:winapisupp.obj
 0001:00013575       ___crtFlsFree              10014575 f   LIBCMT:winapisupp.obj
 0001:00013594       ___crtFlsGetValue          10014594 f   LIBCMT:winapisupp.obj
 0001:000135b3       ___crtFlsSetValue          100145b3 f   LIBCMT:winapisupp.obj
 0001:000135d5       ___crtInitializeCriticalSectionEx 100145d5 f   LIBCMT:winapisupp.obj
 0001:00013603       ___crtIsPackagedApp        10014603 f   LIBCMT:winapisupp.obj
 0001:00013643       ___crtLoadWinApiPointers   10014643 f   LIBCMT:winapisupp.obj
 0001:000138ce       ___crtSleep                100148ce f   LIBCMT:winapisupp.obj
 0001:000138dc       ___crtTerminateProcess     100148dc f   LIBCMT:winapisupp.obj
 0001:000138f1       ___crtUnhandledException   100148f1 f   LIBCMT:winapisupp.obj
 0001:00013907       ___copy_path_to_wide_string 10014907 f   LIBCMT:crt0dat.obj
 0001:000139b9       ___crtCorExitProcess       100149b9 f   LIBCMT:crt0dat.obj
 0001:000139ed       ___crtExitProcess          100149ed f   LIBCMT:crt0dat.obj
 0001:00013a03       ___freeCrtMemory           10014a03 f   LIBCMT:crt0dat.obj
 0001:00013b10       __amsg_exit                10014b10 f   LIBCMT:crt0dat.obj
 0001:00013b2c       __cexit                    10014b2c f   LIBCMT:crt0dat.obj
 0001:00013b3b       __cinit                    10014b3b f   LIBCMT:crt0dat.obj
 0001:00013bbf       __exit                     10014bbf f   LIBCMT:crt0dat.obj
 0001:00013bd3       __init_pointers            10014bd3 f   LIBCMT:crt0dat.obj
 0001:00013c41       __initterm_e               10014c41 f   LIBCMT:crt0dat.obj
 0001:00013c63       __lockexit                 10014c63 f   LIBCMT:crt0dat.obj
 0001:00013c6c       __unlockexit               10014c6c f   LIBCMT:crt0dat.obj
 0001:00013da4       __heap_init                10014da4 f   LIBCMT:heapinit.obj
 0001:00013db9       __heap_term                10014db9 f   LIBCMT:heapinit.obj
 0001:00013dc1       __callnewh                 10014dc1 f   LIBCMT:handler.obj
 0001:00013de7       __initp_heap_handler       10014de7 f   LIBCMT:handler.obj
 0001:00013df4       __FF_MSGBANNER             10014df4 f   LIBCMT:crt0msg.obj
 0001:00013e2d       __GET_RTERRMSG             10014e2d f   LIBCMT:crt0msg.obj
 0001:00013e51       __NMSG_WRITE               10014e51 f   LIBCMT:crt0msg.obj
 0001:0001400e       __flsbuf                   1001500e f   LIBCMT:_flsbuf.obj
 0001:0001415d       _vsnprintf                 1001515d f   LIBCMT:vsnprint.obj
 0001:0001415d       __vsnprintf                1001515d f   LIBCMT:vsnprint.obj
 0001:00014178       __vsnprintf_l              10015178 f   LIBCMT:vsnprint.obj
 0001:00014224       __output_l                 10015224 f   LIBCMT:output.obj
 0001:00014e90       ___addlocaleref            10015e90 f   LIBCMT:localref.obj
 0001:00014f25       ___freetlocinfo            10015f25 f   LIBCMT:localref.obj
 0001:0001507f       ___removelocaleref         1001607f f   LIBCMT:localref.obj
 0001:0001511f       ___updatetlocinfo          1001611f f   LIBCMT:localref.obj
 0001:0001519f       __updatetlocinfoEx_nolock  1001619f f   LIBCMT:localref.obj
 0001:000151ea       ___initmbctable            100161ea f   LIBCMT:mbctype.obj
 0001:000154a1       ___updatetmbcinfo          100164a1 f   LIBCMT:mbctype.obj
 0001:00015547       __setmbcp                  10016547 f   LIBCMT:mbctype.obj
 0001:000156ef       __setmbcp_nolock           100166ef f   LIBCMT:mbctype.obj
 0001:000158da       __freefls@4                100168da f   LIBCMT:tidtable.obj
 0001:00015a0f       __freeptd                  10016a0f f   LIBCMT:tidtable.obj
 0001:00015a45       __getptd                   10016a45 f   LIBCMT:tidtable.obj
 0001:00015a5d       __getptd_noexit            10016a5d f   LIBCMT:tidtable.obj
 0001:00015acc       __initptd                  10016acc f   LIBCMT:tidtable.obj
 0001:00015b7f       __mtinit                   10016b7f f   LIBCMT:tidtable.obj
 0001:00015bf5       __mtterm                   10016bf5 f   LIBCMT:tidtable.obj
 0001:00015c12       @__security_check_cookie@4 10016c12 f   LIBCMT:secchk.obj
 0001:00015c21       ___sys_errlist             10016c21 f   LIBCMT:syserr.obj
 0001:00015c27       ___sys_nerr                10016c27 f   LIBCMT:syserr.obj
 0001:00015c2d       _strcpy_s                  10016c2d f   LIBCMT:strcpy_s.obj
 0001:00015c82       __calloc_crt               10016c82 f   LIBCMT:crtheap.obj
 0001:00015cca       __malloc_crt               10016cca f   LIBCMT:crtheap.obj
 0001:00015d11       __realloc_crt              10016d11 f   LIBCMT:crtheap.obj
 0001:00015d5b       __isatty                   10016d5b f   LIBCMT:isatty.obj
 0001:00015daf       __isleadbyte_l             10016daf f i LIBCMT:_wctype.obj
 0001:00015de9       _isleadbyte                10016de9 f i LIBCMT:_wctype.obj
 0001:00015dfa       __mbtowc_l                 10016dfa f   LIBCMT:mbtowc.obj
 0001:00015eef       _mbtowc                    10016eef f   LIBCMT:mbtowc.obj
 0001:00015f07       __putwch_nolock            10016f07 f   LIBCMT:putwch.obj
 0001:00015f50       __alloca_probe             10016f50 f   LIBCMT:chkstk.obj
 0001:00015f50       __chkstk                   10016f50 f   LIBCMT:chkstk.obj
 0001:00015f7b       __fileno                   10016f7b f   LIBCMT:fileno.obj
 0001:00015f9f       ___initstdio               10016f9f f   LIBCMT:_file.obj
 0001:00016012       ___endstdio                10017012 f   LIBCMT:_file.obj
 0001:00016039       ___iob_func                10017039 f   LIBCMT:_file.obj
 0001:0001603f       __lock_file                1001703f f   LIBCMT:_file.obj
 0001:0001607e       __lock_file2               1001707e f   LIBCMT:_file.obj
 0001:000160ae       __unlock_file              100170ae f   LIBCMT:_file.obj
 0001:000160e8       __unlock_file2             100170e8 f   LIBCMT:_file.obj
 0001:00016115       __fflush_nolock            10017115 f   LIBCMT:fflush.obj
 0001:0001615b       __flush                    1001715b f   LIBCMT:fflush.obj
 0001:000161bf       __flushall                 100171bf f   LIBCMT:fflush.obj
 0001:000162ac       __getstream                100172ac f   LIBCMT:stream.obj
 0001:000163cb       __openfile                 100173cb f   LIBCMT:_open.obj
 0001:00016650       __local_unwind4            10017650 f   LIBCMT:exsup4.obj
 0001:00016726       __seh_longjmp_unwind4@4    10017726 f   LIBCMT:exsup4.obj
 0001:00016742       @_EH4_CallFilterFunc@8     10017742 f   LIBCMT:exsup4.obj
 0001:00016759       @_EH4_TransferToHandler@8  10017759 f   LIBCMT:exsup4.obj
 0001:00016772       @_EH4_GlobalUnwind2@8      10017772 f   LIBCMT:exsup4.obj
 0001:0001678b       @_EH4_LocalUnwind@16       1001778b f   LIBCMT:exsup4.obj
 0001:000167a2       __filbuf                   100177a2 f   LIBCMT:_filbuf.obj
 0001:000168c3       _memcpy_s                  100178c3 f   LIBCMT:memcpy_s.obj
 0001:00016950       _memset                    10017950 f   LIBCMT:memset.obj
 0001:000169e0       _memcpy                    100179e0 f   LIBCMT:memcpy.obj
 0001:00017024       __freebuf                  10018024 f   LIBCMT:_freebuf.obj
 0001:00017060       __aulldiv                  10018060 f   LIBCMT:ulldiv.obj
 0001:000170c8       __XcptFilter               100180c8 f   LIBCMT:winxfltr.obj
 0001:00017223       ___CppXcptFilter           10018223 f   LIBCMT:winxfltr.obj
 0001:00017241       __setargv                  10018241 f   LIBCMT:stdargv.obj
 0001:00017470       __setenvp                  10018470 f   LIBCMT:stdenvp.obj
 0001:00017551       ___security_init_cookie    10018551 f   LIBCMT:gs_support.obj
 0001:000175ed       _DllMain@12                100185ed f   LIBCMT:dllmain.obj
 0001:000175f3       ___crtGetEnvironmentStringsA 100185f3 f   LIBCMT:a_env.obj
 0001:00017680       __RTC_Initialize           10018680 f   LIBCMT:initsect.obj
 0001:000176a0       __RTC_Terminate            100186a0 f   LIBCMT:initsect.obj
 0001:000176c0       __crt_debugger_hook        100186c0 f   LIBCMT:dbghook.obj
 0001:000176c8       __lock                     100186c8 f   LIBCMT:mlock.obj
 0001:000176fc       __mtdeletelocks            100186fc f   LIBCMT:mlock.obj
 0001:00017750       __mtinitlocknum            10018750 f   LIBCMT:mlock.obj
 0001:000177f9       __mtinitlocks              100187f9 f   LIBCMT:mlock.obj
 0001:00017832       __unlock                   10018832 f   LIBCMT:mlock.obj
 0001:00017850       __FindPESection            10018850 f   LIBCMT:pesect.obj
 0001:000178a0       __IsNonwritableInCurrentImage 100188a0 f   LIBCMT:pesect.obj
 0001:00017960       __ValidateImageBase        10018960 f   LIBCMT:pesect.obj
 0001:00017991       ___onexitinit              10018991 f   LIBCMT:onexit.obj
 0001:000179c0       __onexit                   100189c0 f   LIBCMT:onexit.obj
 0001:00017abc       _atexit                    10018abc f   LIBCMT:onexit.obj
 0001:00017ad1       __initp_misc_cfltcvt_tab   10018ad1 f   LIBCMT:cmiscdat.obj
 0001:00017af0       ?terminate@@YAXXZ          10018af0 f   LIBCMT:hooks.obj
 0001:00017b24       __initp_eh_hooks           10018b24 f   LIBCMT:hooks.obj
 0001:00017b35       __initp_misc_purevirt      10018b35 f   LIBCMT:inithelp.obj
 0001:00017b42       ___get_sigabrt             10018b42 f   LIBCMT:winsig.obj
 0001:00017b4f       __initp_misc_winsig        10018b4f f   LIBCMT:winsig.obj
 0001:00017b6b       _raise                     10018b6b f   LIBCMT:winsig.obj
 0001:00017d60       __initp_misc_rand_s        10018d60 f   LIBCMT:rand_s.obj
 0001:00017d70       _strlen                    10018d70 f   LIBCMT:strlen.obj
 0001:00017dfb       _wcscat_s                  10018dfb f   LIBCMT:wcscat_s.obj
 0001:00017e67       _wcscpy_s                  10018e67 f   LIBCMT:wcscpy_s.obj
 0001:00017ec3       _wcslen                    10018ec3 f   LIBCMT:wcslen.obj
 0001:00017edc       _wcsncpy_s                 10018edc f   LIBCMT:wcsncpy_s.obj
 0001:00017f9a       __set_error_mode           10018f9a f   LIBCMT:errmode.obj
 0001:00017fda       ___crtMessageBoxW          10018fda f   LIBCMT:crtmboxw.obj
 0001:000181c0       __getbuf                   100191c0 f   LIBCMT:_getbuf.obj
 0001:00018206       __get_printf_count_output  10019206 f   LIBCMT:printf.obj
 0001:0001821b       __wctomb_s_l               1001921b f   LIBCMT:wctomb.obj
 0001:0001833f       _wctomb_s                  1001933f f   LIBCMT:wctomb.obj
 0001:00018360       __aulldvrm                 10019360 f   LIBCMT:ulldvrm.obj
 0001:000183f5       ___free_lconv_mon          100193f5 f   LIBCMT:initmon.obj
 0001:000184f1       ___free_lconv_num          100194f1 f   LIBCMT:initnum.obj
 0001:00018558       ___free_lc_time            10019558 f   LIBCMT:inittime.obj
 0001:00018adc       ___crtLCMapStringA         10019adc f   LIBCMT:a_map.obj
 0001:00018b22       __freea                    10019b22 f i LIBCMT:a_map.obj
 0001:00018c38       ___crtGetStringTypeA       10019c38 f   LIBCMT:a_str.obj
 0001:00018c78       ___raise_securityfailure   10019c78 f   LIBCMT:gs_report.obj
 0001:00018cb5       ___report_gsfailure        10019cb5 f   LIBCMT:gs_report.obj
 0001:00018db0       _realloc                   10019db0 f   LIBCMT:realloc.obj
 0001:00018e5b       __calloc_impl              10019e5b f   LIBCMT:calloc_impl.obj
 0001:00018ed5       ___termconout              10019ed5 f   LIBCMT:initcon.obj
 0001:00018eec       ___initconout              10019eec f   LIBCMT:initcon.obj
 0001:00018f0b       __fcloseall                10019f0b f   LIBCMT:closeall.obj
 0001:00018fa8       __commit                   10019fa8 f   LIBCMT:commit.obj
 0001:00019091       __mbsnbcmp                 1001a091 f   LIBCMT:mbsnbcmp.obj
 0001:000190a9       __mbsnbcmp_l               1001a0a9 f   LIBCMT:mbsnbcmp.obj
 0001:000191c0       __mbsnbicmp                1001a1c0 f   LIBCMT:mbsnbicm.obj
 0001:000191d8       __mbsnbicmp_l              1001a1d8 f   LIBCMT:mbsnbicm.obj
 0001:000193a0       __global_unwind2           1001a3a0 f   LIBCMT:exsup.obj
 0001:00019405       __local_unwind2            1001a405 f   LIBCMT:exsup.obj
 0001:00019489       __abnormal_termination     1001a489 f   LIBCMT:exsup.obj
 0001:000194ac       __NLG_Notify1              1001a4ac f   LIBCMT:exsup.obj
 0001:000194b5       __NLG_Notify               1001a4b5 f   LIBCMT:exsup.obj
 0001:000194cc       __NLG_Dispatch2            1001a4cc     LIBCMT:exsup.obj
 0001:000194cc       __NLG_Dispatch             1001a4cc     LIBCMT:exsup.obj
 0001:000194d4       __NLG_Call                 1001a4d4 f   LIBCMT:exsup.obj
 0001:000194d6       __NLG_Return2              1001a4d6     LIBCMT:exsup.obj
 0001:000194d7       __VEC_memset               1001a4d7 f   LIBCMT:p4_memset.obj
 0001:0001959f       ___isa_available_init      1001a59f f   LIBCMT:cpu_disp.obj
 0001:00019772       __ismbblead                1001a772 f   LIBCMT:ismbbyte.obj
 0001:00019788       __msize                    1001a788 f   LIBCMT:msize.obj
 0001:000197b9       __fptrap                   1001a7b9 f   LIBCMT:crt0fp.obj
 0001:000197c2       _abort                     1001a7c2 f   LIBCMT:abort.obj
 0001:00019805       _GetTableIndexFromLocaleName 1001a805 f   LIBCMT:winapinls.obj
 0001:00019853       ___crtDownlevelLocaleNameToLCID 1001a853 f   LIBCMT:winapinls.obj
 0001:0001987d       ___crtLCMapStringEx        1001a87d f   LIBCMT:winapinls.obj
 0001:000198c9       ___wcsnicmp_ascii          1001a8c9 f   LIBCMT:winapinls.obj
 0001:00019937       __locterm                  1001a937 f   LIBCMT:wsetloca.obj
 0001:00019990       __alloca_probe_16          1001a990 f   LIBCMT:alloca16.obj
 0001:000199a6       __alloca_probe_8           1001a9a6     LIBCMT:alloca16.obj
 0001:000199c0       _strncmp                   1001a9c0 f   LIBCMT:strncmp.obj
 0001:00019a38       __strnicmp                 1001aa38 f   LIBCMT:strnicmp.obj
 0001:00019aa3       __strnicmp_l               1001aaa3 f   LIBCMT:strnicmp.obj
 0001:00019b60       ___ascii_strnicmp          1001ab60 f   LIBCMT:_strnicm.obj
 0001:00019bc1       __tolower_l                1001abc1 f   LIBCMT:tolower.obj
 0001:00019d04       _tolower                   1001ad04 f   LIBCMT:tolower.obj
 0001:00019d30       __isctype_l                1001ad30 f   LIBCMT:isctype.obj
 0001:00019de1       ___crt_atoflt_l            1001ade1 f   LIBCMT:atodbl.obj
 0001:00019e85       __atodbl_l                 1001ae85 f   LIBCMT:atodbl.obj
 0001:00019f13       __atoflt_l                 1001af13 f   LIBCMT:atodbl.obj
 0001:00019f30       __allmul                   1001af30 f   LIBCMT:llmul.obj
 0001:00019f64       __fpmath                   1001af64 f   LIBCMT:fpinit.obj
 0001:00019f7b       __cfltcvt_init             1001af7b f   LIBCMT:fpinit.obj
 0001:00019fe0       __ld12tod                  1001afe0 f   LIBCMT:intrncvt.obj
 0001:0001a552       __ld12tof                  1001b552 f   LIBCMT:intrncvt.obj
 0001:0001aac4       ___strgtold12_l            1001bac4 f   LIBCMT:strgtold.obj
 0001:0001b26c       __cfltcvt                  1001c26c f   LIBCMT:cvt.obj
 0001:0001b28d       __cfltcvt_l                1001c28d f   LIBCMT:cvt.obj
 0001:0001b313       __cftoa_l                  1001c313 f   LIBCMT:cvt.obj
 0001:0001b66f       __cftoe                    1001c66f f   LIBCMT:cvt.obj
 0001:0001b7de       __cftoe_l                  1001c7de f   LIBCMT:cvt.obj
 0001:0001b998       __cftof_l                  1001c998 f   LIBCMT:cvt.obj
 0001:0001ba59       __cftog_l                  1001ca59 f   LIBCMT:cvt.obj
 0001:0001bb58       __cropzeros                1001cb58 f   LIBCMT:cvt.obj
 0001:0001bb69       __cropzeros_l              1001cb69 f   LIBCMT:cvt.obj
 0001:0001bbe9       __fassign                  1001cbe9 f   LIBCMT:cvt.obj
 0001:0001bc01       __fassign_l                1001cc01 f   LIBCMT:cvt.obj
 0001:0001bc43       __forcdecpt                1001cc43 f   LIBCMT:cvt.obj
 0001:0001bc54       __forcdecpt_l              1001cc54 f   LIBCMT:cvt.obj
 0001:0001bcc8       __positive                 1001ccc8 f   LIBCMT:cvt.obj
 0001:0001bd0a       __setdefaultprecision      1001cd0a f   LIBCMT:fp8.obj
 0001:0001bd31       ___mtold12                 1001cd31 f   LIBCMT:mantold.obj
 0001:0001bf11       __isdigit_l                1001cf11 f i LIBCMT:_ctype.obj
 0001:0001bf63       _isdigit                   1001cf63 f i LIBCMT:_ctype.obj
 0001:0001bf90       _memmove                   1001cf90 f   LIBCMT:memmove.obj
 0001:0001c5e0       _strrchr                   1001d5e0 f   LIBCMT:strrchr.obj
 0001:0001c717       __fptostr                  1001d717 f   LIBCMT:_fptostr.obj
 0001:0001c7c7       ___dtold                   1001d7c7 f   LIBCMT:cfout.obj
 0001:0001c88f       __fltout2                  1001d88f f   LIBCMT:cfout.obj
 0001:0001c920       __alldvrm                  1001d920 f   LIBCMT:lldvrm.obj
 0001:0001ca00       __aullshr                  1001da00 f   LIBCMT:ullshr.obj
 0001:0001ca1f       __controlfp_s              1001da1f f   LIBCMT:contrlfp.obj
 0001:0001ca7c       _$I10_OUTPUT               1001da7c f   LIBCMT:x10fout.obj
 0001:0001d4f9       __control87                1001e4f9 f i LIBCMT:ieee87.obj
 0001:0001d892       ___set_fpsr_sse2           1001e892 f   LIBCMT:fpctrl.obj
 0001:0001d908       _IsProcessorFeaturePresent@4 1001e908 f   kernel32:KERNEL32.dll
 0001:0001d90e       _RtlUnwind@16              1001e90e f   kernel32:KERNEL32.dll
 0001:0001d920       __alldiv                   1001e920 f   LIBCMT:lldiv.obj
 0002:00000000       __imp__CreateFileA@28      1001f000     kernel32:KERNEL32.dll
 0002:00000004       __imp__SetFilePointer@16   1001f004     kernel32:KERNEL32.dll
 0002:00000008       __imp__WriteFile@20        1001f008     kernel32:KERNEL32.dll
 0002:0000000c       __imp__ReadFile@20         1001f00c     kernel32:KERNEL32.dll
 0002:00000010       __imp__CreateFileW@28      1001f010     kernel32:KERNEL32.dll
 0002:00000014       __imp__GetLastError@0      1001f014     kernel32:KERNEL32.dll
 0002:00000018       __imp__CloseHandle@4       1001f018     kernel32:KERNEL32.dll
 0002:0000001c       __imp__SetFilePointerEx@20 1001f01c     kernel32:KERNEL32.dll
 0002:00000020       __imp__GetFileType@4       1001f020     kernel32:KERNEL32.dll
 0002:00000024       __imp__GetModuleHandleW@4  1001f024     kernel32:KERNEL32.dll
 0002:00000028       __imp__GetProcAddress@8    1001f028     kernel32:KERNEL32.dll
 0002:0000002c       __imp__HeapFree@12         1001f02c     kernel32:KERNEL32.dll
 0002:00000030       __imp__HeapAlloc@12        1001f030     kernel32:KERNEL32.dll
 0002:00000034       __imp__WideCharToMultiByte@32 1001f034     kernel32:KERNEL32.dll
 0002:00000038       __imp__MultiByteToWideChar@24 1001f038     kernel32:KERNEL32.dll
 0002:0000003c       __imp__GetConsoleMode@8    1001f03c     kernel32:KERNEL32.dll
 0002:00000040       __imp__ReadConsoleW@20     1001f040     kernel32:KERNEL32.dll
 0002:00000044       __imp__GetConsoleCP@0      1001f044     kernel32:KERNEL32.dll
 0002:00000048       __imp__GetSystemTimeAsFileTime@4 1001f048     kernel32:KERNEL32.dll
 0002:0000004c       __imp__GetCommandLineA@0   1001f04c     kernel32:KERNEL32.dll
 0002:00000050       __imp__GetCurrentThreadId@0 1001f050     kernel32:KERNEL32.dll
 0002:00000054       __imp__IsDebuggerPresent@0 1001f054     kernel32:KERNEL32.dll
 0002:00000058       __imp__EncodePointer@4     1001f058     kernel32:KERNEL32.dll
 0002:0000005c       __imp__DecodePointer@4     1001f05c     kernel32:KERNEL32.dll
 0002:00000060       __imp__IsProcessorFeaturePresent@4 1001f060     kernel32:KERNEL32.dll
 0002:00000064       __imp__SetStdHandle@8      1001f064     kernel32:KERNEL32.dll
 0002:00000068       __imp__EnterCriticalSection@4 1001f068     kernel32:KERNEL32.dll
 0002:0000006c       __imp__LeaveCriticalSection@4 1001f06c     kernel32:KERNEL32.dll
 0002:00000070       __imp__GetStdHandle@4      1001f070     kernel32:KERNEL32.dll
 0002:00000074       __imp__DeleteCriticalSection@4 1001f074     kernel32:KERNEL32.dll
 0002:00000078       __imp__GetStartupInfoW@4   1001f078     kernel32:KERNEL32.dll
 0002:0000007c       __imp__SetEndOfFile@4      1001f07c     kernel32:KERNEL32.dll
 0002:00000080       __imp__GetProcessHeap@0    1001f080     kernel32:KERNEL32.dll
 0002:00000084       __imp__UnhandledExceptionFilter@4 1001f084     kernel32:KERNEL32.dll
 0002:00000088       __imp__SetUnhandledExceptionFilter@4 1001f088     kernel32:KERNEL32.dll
 0002:0000008c       __imp__SetLastError@4      1001f08c     kernel32:KERNEL32.dll
 0002:00000090       __imp__InitializeCriticalSectionAndSpinCount@8 1001f090     kernel32:KERNEL32.dll
 0002:00000094       __imp__Sleep@4             1001f094     kernel32:KERNEL32.dll
 0002:00000098       __imp__GetCurrentProcess@0 1001f098     kernel32:KERNEL32.dll
 0002:0000009c       __imp__TerminateProcess@8  1001f09c     kernel32:KERNEL32.dll
 0002:000000a0       __imp__TlsAlloc@0          1001f0a0     kernel32:KERNEL32.dll
 0002:000000a4       __imp__TlsGetValue@4       1001f0a4     kernel32:KERNEL32.dll
 0002:000000a8       __imp__TlsSetValue@8       1001f0a8     kernel32:KERNEL32.dll
 0002:000000ac       __imp__TlsFree@4           1001f0ac     kernel32:KERNEL32.dll
 0002:000000b0       __imp__ExitProcess@4       1001f0b0     kernel32:KERNEL32.dll
 0002:000000b4       __imp__GetModuleHandleExW@12 1001f0b4     kernel32:KERNEL32.dll
 0002:000000b8       __imp__AreFileApisANSI@0   1001f0b8     kernel32:KERNEL32.dll
 0002:000000bc       __imp__GetModuleFileNameW@12 1001f0bc     kernel32:KERNEL32.dll
 0002:000000c0       __imp__IsValidCodePage@4   1001f0c0     kernel32:KERNEL32.dll
 0002:000000c4       __imp__GetACP@0            1001f0c4     kernel32:KERNEL32.dll
 0002:000000c8       __imp__GetOEMCP@0          1001f0c8     kernel32:KERNEL32.dll
 0002:000000cc       __imp__GetCPInfo@8         1001f0cc     kernel32:KERNEL32.dll
 0002:000000d0       __imp__WriteConsoleW@20    1001f0d0     kernel32:KERNEL32.dll
 0002:000000d4       __imp__RtlUnwind@16        1001f0d4     kernel32:KERNEL32.dll
 0002:000000d8       __imp__GetModuleFileNameA@12 1001f0d8     kernel32:KERNEL32.dll
 0002:000000dc       __imp__QueryPerformanceCounter@4 1001f0dc     kernel32:KERNEL32.dll
 0002:000000e0       __imp__GetCurrentProcessId@0 1001f0e0     kernel32:KERNEL32.dll
 0002:000000e4       __imp__GetEnvironmentStringsW@0 1001f0e4     kernel32:KERNEL32.dll
 0002:000000e8       __imp__FreeEnvironmentStringsW@4 1001f0e8     kernel32:KERNEL32.dll
 0002:000000ec       __imp__LoadLibraryExW@12   1001f0ec     kernel32:KERNEL32.dll
 0002:000000f0       __imp__OutputDebugStringW@4 1001f0f0     kernel32:KERNEL32.dll
 0002:000000f4       __imp__GetStringTypeW@16   1001f0f4     kernel32:KERNEL32.dll
 0002:000000f8       __imp__HeapReAlloc@16      1001f0f8     kernel32:KERNEL32.dll
 0002:000000fc       __imp__FlushFileBuffers@4  1001f0fc     kernel32:KERNEL32.dll
 0002:00000100       __imp__HeapSize@12         1001f100     kernel32:KERNEL32.dll
 0002:00000104       __imp__LCMapStringW@24     1001f104     kernel32:KERNEL32.dll
 0002:00000108       \177KERNEL32_NULL_THUNK_DATA 1001f108     kernel32:KERNEL32.dll
 0002:0000010c       ___xc_a                    1001f10c     LIBCMT:crt0init.obj
 0002:00000110       ___xc_z                    1001f110     LIBCMT:crt0init.obj
 0002:00000114       ___xi_a                    1001f114     LIBCMT:crt0init.obj
 0002:00000128       ___xi_z                    1001f128     LIBCMT:crt0init.obj
 0002:0000012c       ___xp_a                    1001f12c     LIBCMT:crt0init.obj
 0002:0000013c       ___xp_z                    1001f13c     LIBCMT:crt0init.obj
 0002:00000140       ___xt_a                    1001f140     LIBCMT:crt0init.obj
 0002:00000144       ___xt_z                    1001f144     LIBCMT:crt0init.obj
 0002:00000150       ??_C@_0M@HHGEPIBF@CreateFile2?$AA@ 1001f150     LIBCMT:wopen.obj
 0002:0000015c       ??_C@_1BK@MGMFAEKH@?$AAk?$AAe?$AAr?$AAn?$AAe?$AAl?$AA3?$AA2?$AA?4?$AAd?$AAl?$AAl?$AA?$AA@ 1001f15c     LIBCMT:wopen.obj
 0002:00000178       ??_C@_0EA@FCLIIPNN@Visual?5C?$CL?$CL?5CRT?3?5Not?5enough?5memor@ 1001f178     LIBCMT:strerror.obj
 0002:000001b8       __pRawDllMain              1001f1b8     LIBCMT:dllcrt0.obj
 0002:000001b8       __pDefaultRawDllMain       1001f1b8     LIBCMT:dllcrt0.obj
 0002:000001bc       ??_C@_08KNHFBNJ@FlsAlloc?$AA@ 1001f1bc     LIBCMT:winapisupp.obj
 0002:000001c8       ??_C@_07PEJMOBNF@FlsFree?$AA@ 1001f1c8     LIBCMT:winapisupp.obj
 0002:000001d0       ??_C@_0M@GDNOONDI@FlsGetValue?$AA@ 1001f1d0     LIBCMT:winapisupp.obj
 0002:000001dc       ??_C@_0M@JCPCPOEF@FlsSetValue?$AA@ 1001f1dc     LIBCMT:winapisupp.obj
 0002:000001e8       ??_C@_0BM@HCFOFFN@InitializeCriticalSectionEx?$AA@ 1001f1e8     LIBCMT:winapisupp.obj
 0002:00000204       ??_C@_0P@DLHPPCNH@CreateEventExW?$AA@ 1001f204     LIBCMT:winapisupp.obj
 0002:00000214       ??_C@_0BD@KIEEOEEH@CreateSemaphoreExW?$AA@ 1001f214     LIBCMT:winapisupp.obj
 0002:00000228       ??_C@_0BI@BKLFFAPO@SetThreadStackGuarantee?$AA@ 1001f228     LIBCMT:winapisupp.obj
 0002:00000240       ??_C@_0BG@OGFAJCKC@CreateThreadpoolTimer?$AA@ 1001f240     LIBCMT:winapisupp.obj
 0002:00000258       ??_C@_0BD@LPLEMMDI@SetThreadpoolTimer?$AA@ 1001f258     LIBCMT:winapisupp.obj
 0002:0000026c       ??_C@_0CA@FMNJENH@WaitForThreadpoolTimerCallbacks?$AA@ 1001f26c     LIBCMT:winapisupp.obj
 0002:0000028c       ??_C@_0BF@DCFCCNOC@CloseThreadpoolTimer?$AA@ 1001f28c     LIBCMT:winapisupp.obj
 0002:000002a4       ??_C@_0BF@FLABGKKM@CreateThreadpoolWait?$AA@ 1001f2a4     LIBCMT:winapisupp.obj
 0002:000002bc       ??_C@_0BC@MGCOHNA@SetThreadpoolWait?$AA@ 1001f2bc     LIBCMT:winapisupp.obj
 0002:000002d0       ??_C@_0BE@OCIOMIMP@CloseThreadpoolWait?$AA@ 1001f2d0     LIBCMT:winapisupp.obj
 0002:000002e4       ??_C@_0BJ@LKGHFHBO@FlushProcessWriteBuffers?$AA@ 1001f2e4     LIBCMT:winapisupp.obj
 0002:00000300       ??_C@_0BP@KALKKPMO@FreeLibraryWhenCallbackReturns?$AA@ 1001f300     LIBCMT:winapisupp.obj
 0002:00000320       ??_C@_0BK@DFNBACLA@GetCurrentProcessorNumber?$AA@ 1001f320     LIBCMT:winapisupp.obj
 0002:0000033c       ??_C@_0BP@KHGALBC@GetLogicalProcessorInformation?$AA@ 1001f33c     LIBCMT:winapisupp.obj
 0002:0000035c       ??_C@_0BE@FKKLLFLM@CreateSymbolicLinkW?$AA@ 1001f35c     LIBCMT:winapisupp.obj
 0002:00000370       ??_C@_0BJ@OHNKDLIJ@SetDefaultDllDirectories?$AA@ 1001f370     LIBCMT:winapisupp.obj
 0002:0000038c       ??_C@_0BE@LJANKFHF@EnumSystemLocalesEx?$AA@ 1001f38c     LIBCMT:winapisupp.obj
 0002:000003a0       ??_C@_0BA@IHGNDAEB@CompareStringEx?$AA@ 1001f3a0     LIBCMT:winapisupp.obj
 0002:000003b0       ??_C@_0BA@EPCJIIPD@GetDateFormatEx?$AA@ 1001f3b0     LIBCMT:winapisupp.obj
 0002:000003c0       ??_C@_0BA@ONOKGCMP@GetLocaleInfoEx?$AA@ 1001f3c0     LIBCMT:winapisupp.obj
 0002:000003d0       ??_C@_0BA@CIJJKCJJ@GetTimeFormatEx?$AA@ 1001f3d0     LIBCMT:winapisupp.obj
 0002:000003e0       ??_C@_0BJ@PBCCBIPI@GetUserDefaultLocaleName?$AA@ 1001f3e0     LIBCMT:winapisupp.obj
 0002:000003fc       ??_C@_0BC@CELBKLLA@IsValidLocaleName?$AA@ 1001f3fc     LIBCMT:winapisupp.obj
 0002:00000410       ??_C@_0O@KKBNKAPF@LCMapStringEx?$AA@ 1001f410     LIBCMT:winapisupp.obj
 0002:00000420       ??_C@_0BE@JOGNEJCI@GetCurrentPackageId?$AA@ 1001f420     LIBCMT:winapisupp.obj
 0002:00000434       ??_C@_0P@CDHHOHKP@GetTickCount64?$AA@ 1001f434     LIBCMT:winapisupp.obj
 0002:00000444       ??_C@_0BO@KPCLFDJJ@GetFileInformationByHandleExW?$AA@ 1001f444     LIBCMT:winapisupp.obj
 0002:00000464       ??_C@_0BM@MHIDLABK@SetFileInformationByHandleW?$AA@ 1001f464     LIBCMT:winapisupp.obj
 0002:00000480       ??_C@_1BI@BGOHAHKC@?$AAm?$AAs?$AAc?$AAo?$AAr?$AAe?$AAe?$AA?4?$AAd?$AAl?$AAl?$AA?$AA@ 1001f480     LIBCMT:crt0dat.obj
 0002:00000498       ??_C@_0P@MIGLKIOC@CorExitProcess?$AA@ 1001f498     LIBCMT:crt0dat.obj
 0002:00000560       ??_C@_1FK@PGACCAFB@?$AAR?$AA6?$AA0?$AA0?$AA2?$AA?$AN?$AA?6?$AA?9?$AA?5?$AAf?$AAl?$AAo?$AAa?$AAt?$AAi?$AAn?$AAg?$AA?5?$AAp?$AAo?$AAi?$AAn?$AAt?$AA?5?$AAs?$AAu?$AAp?$AAp?$AAo?$AAr?$AAt?$AA?5@ 1001f560     LIBCMT:crt0msg.obj
 0002:000005c0       ??_C@_1FE@LLNEDJMD@?$AAR?$AA6?$AA0?$AA0?$AA8?$AA?$AN?$AA?6?$AA?9?$AA?5?$AAn?$AAo?$AAt?$AA?5?$AAe?$AAn?$AAo?$AAu?$AAg?$AAh?$AA?5?$AAs?$AAp?$AAa?$AAc?$AAe?$AA?5?$AAf?$AAo?$AAr?$AA?5?$AAa?$AAr@ 1001f5c0     LIBCMT:crt0msg.obj
 0002:00000618       ??_C@_1FI@HONFMGBI@?$AAR?$AA6?$AA0?$AA0?$AA9?$AA?$AN?$AA?6?$AA?9?$AA?5?$AAn?$AAo?$AAt?$AA?5?$AAe?$AAn?$AAo?$AAu?$AAg?$AAh?$AA?5?$AAs?$AAp?$AAa?$AAc?$AAe?$AA?5?$AAf?$AAo?$AAr?$AA?5?$AAe?$AAn@ 1001f618     LIBCMT:crt0msg.obj
 0002:00000670       ??_C@_1EG@BEHAGFJD@?$AAR?$AA6?$AA0?$AA1?$AA0?$AA?$AN?$AA?6?$AA?9?$AA?5?$AAa?$AAb?$AAo?$AAr?$AAt?$AA?$CI?$AA?$CJ?$AA?5?$AAh?$AAa?$AAs?$AA?5?$AAb?$AAe?$AAe?$AAn?$AA?5?$AAc?$AAa?$AAl?$AAl?$AAe?$AAd@ 1001f670     LIBCMT:crt0msg.obj
 0002:000006b8       ??_C@_1FI@LOGNIKDM@?$AAR?$AA6?$AA0?$AA1?$AA6?$AA?$AN?$AA?6?$AA?9?$AA?5?$AAn?$AAo?$AAt?$AA?5?$AAe?$AAn?$AAo?$AAu?$AAg?$AAh?$AA?5?$AAs?$AAp?$AAa?$AAc?$AAe?$AA?5?$AAf?$AAo?$AAr?$AA?5?$AAt?$AAh@ 1001f6b8     LIBCMT:crt0msg.obj
 0002:00000710       ??_C@_1FK@BEOGODMC@?$AAR?$AA6?$AA0?$AA1?$AA7?$AA?$AN?$AA?6?$AA?9?$AA?5?$AAu?$AAn?$AAe?$AAx?$AAp?$AAe?$AAc?$AAt?$AAe?$AAd?$AA?5?$AAm?$AAu?$AAl?$AAt?$AAi?$AAt?$AAh?$AAr?$AAe?$AAa?$AAd?$AA?5@ 1001f710     LIBCMT:crt0msg.obj
 0002:00000770       ??_C@_1EC@JIBHAOPH@?$AAR?$AA6?$AA0?$AA1?$AA8?$AA?$AN?$AA?6?$AA?9?$AA?5?$AAu?$AAn?$AAe?$AAx?$AAp?$AAe?$AAc?$AAt?$AAe?$AAd?$AA?5?$AAh?$AAe?$AAa?$AAp?$AA?5?$AAe?$AAr?$AAr?$AAo?$AAr?$AA?$AN?$AA?6@ 1001f770     LIBCMT:crt0msg.obj
 0002:000007b8       ??_C@_1FC@ECHBIFBC@?$AAR?$AA6?$AA0?$AA1?$AA9?$AA?$AN?$AA?6?$AA?9?$AA?5?$AAu?$AAn?$AAa?$AAb?$AAl?$AAe?$AA?5?$AAt?$AAo?$AA?5?$AAo?$AAp?$AAe?$AAn?$AA?5?$AAc?$AAo?$AAn?$AAs?$AAo?$AAl?$AAe?$AA?5@ 1001f7b8     LIBCMT:crt0msg.obj
 0002:00000810       ??_C@_1GK@FHCKBEFA@?$AAR?$AA6?$AA0?$AA2?$AA4?$AA?$AN?$AA?6?$AA?9?$AA?5?$AAn?$AAo?$AAt?$AA?5?$AAe?$AAn?$AAo?$AAu?$AAg?$AAh?$AA?5?$AAs?$AAp?$AAa?$AAc?$AAe?$AA?5?$AAf?$AAo?$AAr?$AA?5?$AA_?$AAo@ 1001f810     LIBCMT:crt0msg.obj
 0002:00000880       ??_C@_1EM@MAADIHMB@?$AAR?$AA6?$AA0?$AA2?$AA5?$AA?$AN?$AA?6?$AA?9?$AA?5?$AAp?$AAu?$AAr?$AAe?$AA?5?$AAv?$AAi?$AAr?$AAt?$AAu?$AAa?$AAl?$AA?5?$AAf?$AAu?$AAn?$AAc?$AAt?$AAi?$AAo?$AAn?$AA?5?$AAc@ 1001f880     LIBCMT:crt0msg.obj
 0002:000008d0       ??_C@_1GK@MCAAGJMO@?$AAR?$AA6?$AA0?$AA2?$AA6?$AA?$AN?$AA?6?$AA?9?$AA?5?$AAn?$AAo?$AAt?$AA?5?$AAe?$AAn?$AAo?$AAu?$AAg?$AAh?$AA?5?$AAs?$AAp?$AAa?$AAc?$AAe?$AA?5?$AAf?$AAo?$AAr?$AA?5?$AAs?$AAt@ 1001f8d0     LIBCMT:crt0msg.obj
 0002:00000940       ??_C@_1GK@MFGOKLAG@?$AAR?$AA6?$AA0?$AA2?$AA7?$AA?$AN?$AA?6?$AA?9?$AA?5?$AAn?$AAo?$AAt?$AA?5?$AAe?$AAn?$AAo?$AAu?$AAg?$AAh?$AA?5?$AAs?$AAp?$AAa?$AAc?$AAe?$AA?5?$AAf?$AAo?$AAr?$AA?5?$AAl?$AAo@ 1001f940     LIBCMT:crt0msg.obj
 0002:000009b0       ??_C@_1EK@HHFLMAOL@?$AAR?$AA6?$AA0?$AA2?$AA8?$AA?$AN?$AA?6?$AA?9?$AA?5?$AAu?$AAn?$AAa?$AAb?$AAl?$AAe?$AA?5?$AAt?$AAo?$AA?5?$AAi?$AAn?$AAi?$AAt?$AAi?$AAa?$AAl?$AAi?$AAz?$AAe?$AA?5?$AAh?$AAe@ 1001f9b0     LIBCMT:crt0msg.obj
 0002:000009fc       ??_C@_1DO@BMFCDCD@?$AAR?$AA6?$AA0?$AA3?$AA0?$AA?$AN?$AA?6?$AA?9?$AA?5?$AAC?$AAR?$AAT?$AA?5?$AAn?$AAo?$AAt?$AA?5?$AAi?$AAn?$AAi?$AAt?$AAi?$AAa?$AAl?$AAi?$AAz?$AAe?$AAd?$AA?$AN?$AA?6?$AA?$AA@ 1001f9fc     LIBCMT:crt0msg.obj
 0002:00000a40       ??_C@_1MG@ENCOOIDF@?$AAR?$AA6?$AA0?$AA3?$AA1?$AA?$AN?$AA?6?$AA?9?$AA?5?$AAA?$AAt?$AAt?$AAe?$AAm?$AAp?$AAt?$AA?5?$AAt?$AAo?$AA?5?$AAi?$AAn?$AAi?$AAt?$AAi?$AAa?$AAl?$AAi?$AAz?$AAe?$AA?5?$AAt@ 1001fa40     LIBCMT:crt0msg.obj
 0002:00000b08       ??_C@_1GG@GOPILAJP@?$AAR?$AA6?$AA0?$AA3?$AA2?$AA?$AN?$AA?6?$AA?9?$AA?5?$AAn?$AAo?$AAt?$AA?5?$AAe?$AAn?$AAo?$AAu?$AAg?$AAh?$AA?5?$AAs?$AAp?$AAa?$AAc?$AAe?$AA?5?$AAf?$AAo?$AAr?$AA?5?$AAl?$AAo@ 1001fb08     LIBCMT:crt0msg.obj
 0002:00000b70       ??_C@_1BOO@KGEDBGAJ@?$AAR?$AA6?$AA0?$AA3?$AA3?$AA?$AN?$AA?6?$AA?9?$AA?5?$AAA?$AAt?$AAt?$AAe?$AAm?$AAp?$AAt?$AA?5?$AAt?$AAo?$AA?5?$AAu?$AAs?$AAe?$AA?5?$AAM?$AAS?$AAI?$AAL?$AA?5?$AAc?$AAo?$AAd@ 1001fb70     LIBCMT:crt0msg.obj
 0002:00000d60       ??_C@_1GG@MKFPEKFO@?$AAR?$AA6?$AA0?$AA3?$AA4?$AA?$AN?$AA?6?$AA?9?$AA?5?$AAi?$AAn?$AAc?$AAo?$AAn?$AAs?$AAi?$AAs?$AAt?$AAe?$AAn?$AAt?$AA?5?$AAo?$AAn?$AAe?$AAx?$AAi?$AAt?$AA?5?$AAb?$AAe?$AAg@ 1001fd60     LIBCMT:crt0msg.obj
 0002:00000dc8       ??_C@_1BO@BFCDCGC@?$AAD?$AAO?$AAM?$AAA?$AAI?$AAN?$AA?5?$AAe?$AAr?$AAr?$AAo?$AAr?$AA?$AN?$AA?6?$AA?$AA@ 1001fdc8     LIBCMT:crt0msg.obj
 0002:00000de8       ??_C@_1BK@KMOMNAAI@?$AAS?$AAI?$AAN?$AAG?$AA?5?$AAe?$AAr?$AAr?$AAo?$AAr?$AA?$AN?$AA?6?$AA?$AA@ 1001fde8     LIBCMT:crt0msg.obj
 0002:00000e04       ??_C@_1BM@JBBEPPHI@?$AAT?$AAL?$AAO?$AAS?$AAS?$AA?5?$AAe?$AAr?$AAr?$AAo?$AAr?$AA?$AN?$AA?6?$AA?$AA@ 1001fe04     LIBCMT:crt0msg.obj
 0002:00000e20       ??_C@_15JNBOKNOG@?$AA?$AN?$AA?6?$AA?$AA@ 1001fe20     LIBCMT:crt0msg.obj
 0002:00000e28       ??_C@_1BO@BKOMIGKJ@?$AAr?$AAu?$AAn?$AAt?$AAi?$AAm?$AAe?$AA?5?$AAe?$AAr?$AAr?$AAo?$AAr?$AA?5?$AA?$AA@ 1001fe28     LIBCMT:crt0msg.obj
 0002:00000e48       ??_C@_1DE@JNGNBFGO@?$AAR?$AAu?$AAn?$AAt?$AAi?$AAm?$AAe?$AA?5?$AAE?$AAr?$AAr?$AAo?$AAr?$AA?$CB?$AA?6?$AA?6?$AAP?$AAr?$AAo?$AAg?$AAr?$AAa?$AAm?$AA?3?$AA?5?$AA?$AA@ 1001fe48     LIBCMT:crt0msg.obj
 0002:00000e7c       ??_C@_1CO@EAEJAADC@?$AA?$DM?$AAp?$AAr?$AAo?$AAg?$AAr?$AAa?$AAm?$AA?5?$AAn?$AAa?$AAm?$AAe?$AA?5?$AAu?$AAn?$AAk?$AAn?$AAo?$AAw?$AAn?$AA?$DO?$AA?$AA@ 1001fe7c     LIBCMT:crt0msg.obj
 0002:00000eac       ??_C@_17LGKOMLJ@?$AA?4?$AA?4?$AA?4?$AA?$AA@ 1001feac     LIBCMT:crt0msg.obj
 0002:00000eb4       ??_C@_15IABLJNFO@?$AA?6?$AA?6?$AA?$AA@ 1001feb4     LIBCMT:crt0msg.obj
 0002:00000ec0       ??_C@_1EK@MBDPDCGA@?$AAM?$AAi?$AAc?$AAr?$AAo?$AAs?$AAo?$AAf?$AAt?$AA?5?$AAV?$AAi?$AAs?$AAu?$AAa?$AAl?$AA?5?$AAC?$AA?$CL?$AA?$CL?$AA?5?$AAR?$AAu?$AAn?$AAt?$AAi?$AAm?$AAe?$AA?5?$AAL?$AAi?$AAb@ 1001fec0     LIBCMT:crt0msg.obj
 0002:00000f0c       ??_C@_06OJHGLDPL@?$CInull?$CJ?$AA@ 1001ff0c     LIBCMT:output.obj
 0002:00000f14       ??_C@_1O@CEDCILHN@?$AA?$CI?$AAn?$AAu?$AAl?$AAl?$AA?$CJ?$AA?$AA@ 1001ff14     LIBCMT:output.obj
 0002:00000f28       ___lookuptable             1001ff28     LIBCMT:output.obj
 0002:00000f94       ??_C@_1M@HPNHIDJI@?$AAj?$AAa?$AA?9?$AAJ?$AAP?$AA?$AA@ 1001ff94     LIBCMT:mbctype.obj
 0002:00000fa0       ??_C@_1M@BIBDDEMK@?$AAz?$AAh?$AA?9?$AAC?$AAN?$AA?$AA@ 1001ffa0     LIBCMT:mbctype.obj
 0002:00000fac       ??_C@_1M@JLOOOEGK@?$AAk?$AAo?$AA?9?$AAK?$AAR?$AA?$AA@ 1001ffac     LIBCMT:mbctype.obj
 0002:00000fb8       ??_C@_1M@CLNBBOPM@?$AAz?$AAh?$AA?9?$AAT?$AAW?$AA?$AA@ 1001ffb8     LIBCMT:mbctype.obj
 0002:00000fc4       ??_C@_03KOEHGMDN@Sun?$AA@  1001ffc4     LIBCMT:nlsdata.obj
 0002:00000fc8       ??_C@_03PDAGKDH@Mon?$AA@   1001ffc8     LIBCMT:nlsdata.obj
 0002:00000fcc       ??_C@_03NAGEINEP@Tue?$AA@  1001ffcc     LIBCMT:nlsdata.obj
 0002:00000fd0       ??_C@_03MHOMLAJA@Wed?$AA@  1001ffd0     LIBCMT:nlsdata.obj
 0002:00000fd4       ??_C@_03IOFIKPDN@Thu?$AA@  1001ffd4     LIBCMT:nlsdata.obj
 0002:00000fd8       ??_C@_03IDIOELNC@Fri?$AA@  1001ffd8     LIBCMT:nlsdata.obj
 0002:00000fdc       ??_C@_03FEFJNEK@Sat?$AA@   1001ffdc     LIBCMT:nlsdata.obj
 0002:00000fe0       ??_C@_06OOPIFAJ@Sunday?$AA@ 1001ffe0     LIBCMT:nlsdata.obj
 0002:00000fe8       ??_C@_06JLEDEDGH@Monday?$AA@ 1001ffe8     LIBCMT:nlsdata.obj
 0002:00000ff0       ??_C@_07BAAGCFCM@Tuesday?$AA@ 1001fff0     LIBCMT:nlsdata.obj
 0002:00000ff8       ??_C@_09DLIGFAKA@Wednesday?$AA@ 1001fff8     LIBCMT:nlsdata.obj
 0002:00001004       ??_C@_08HACCIKIA@Thursday?$AA@ 10020004     LIBCMT:nlsdata.obj
 0002:00001010       ??_C@_06JECMNKMI@Friday?$AA@ 10020010     LIBCMT:nlsdata.obj
 0002:00001018       ??_C@_08INBOOONO@Saturday?$AA@ 10020018     LIBCMT:nlsdata.obj
 0002:00001024       ??_C@_03JIHJHPIE@Jan?$AA@  10020024     LIBCMT:nlsdata.obj
 0002:00001028       ??_C@_03HJBDCHOM@Feb?$AA@  10020028     LIBCMT:nlsdata.obj
 0002:0000102c       ??_C@_03ODNJBKGA@Mar?$AA@  1002002c     LIBCMT:nlsdata.obj
 0002:00001030       ??_C@_03LEOLGMJP@Apr?$AA@  10020030     LIBCMT:nlsdata.obj
 0002:00001034       ??_C@_03CNMDKL@May?$AA@    10020034     LIBCMT:nlsdata.obj
 0002:00001038       ??_C@_03IDFGHECI@Jun?$AA@  10020038     LIBCMT:nlsdata.obj
 0002:0000103c       ??_C@_03LBGABGKK@Jul?$AA@  1002003c     LIBCMT:nlsdata.obj
 0002:00001040       ??_C@_03IFJFEIGA@Aug?$AA@  10020040     LIBCMT:nlsdata.obj
 0002:00001044       ??_C@_03GGCAPAJC@Sep?$AA@  10020044     LIBCMT:nlsdata.obj
 0002:00001048       ??_C@_03BMAOKBAD@Oct?$AA@  10020048     LIBCMT:nlsdata.obj
 0002:0000104c       ??_C@_03JPJOFNIA@Nov?$AA@  1002004c     LIBCMT:nlsdata.obj
 0002:00001050       ??_C@_03MKABNOCG@Dec?$AA@  10020050     LIBCMT:nlsdata.obj
 0002:00001054       ??_C@_07CGJPFGJA@January?$AA@ 10020054     LIBCMT:nlsdata.obj
 0002:0000105c       ??_C@_08GNJGEPFN@February?$AA@ 1002005c     LIBCMT:nlsdata.obj
 0002:00001068       ??_C@_05HPCKOFNC@March?$AA@ 10020068     LIBCMT:nlsdata.obj
 0002:00001070       ??_C@_05DMJDNLEJ@April?$AA@ 10020070     LIBCMT:nlsdata.obj
 0002:00001078       ??_C@_04CNLMGBGM@June?$AA@ 10020078     LIBCMT:nlsdata.obj
 0002:00001080       ??_C@_04MIEPOIFP@July?$AA@ 10020080     LIBCMT:nlsdata.obj
 0002:00001088       ??_C@_06LBBHFDDG@August?$AA@ 10020088     LIBCMT:nlsdata.obj
 0002:00001090       ??_C@_09BHHEALKD@September?$AA@ 10020090     LIBCMT:nlsdata.obj
 0002:0000109c       ??_C@_07JJNFCEND@October?$AA@ 1002009c     LIBCMT:nlsdata.obj
 0002:000010a4       ??_C@_08HCHEGEOA@November?$AA@ 100200a4     LIBCMT:nlsdata.obj
 0002:000010b0       ??_C@_08EDHMEBNP@December?$AA@ 100200b0     LIBCMT:nlsdata.obj
 0002:000010bc       ??_C@_02DEDBPAFC@AM?$AA@   100200bc     LIBCMT:nlsdata.obj
 0002:000010c0       ??_C@_02CJNFDJBF@PM?$AA@   100200c0     LIBCMT:nlsdata.obj
 0002:000010c4       ??_C@_08BPBNCDIB@MM?1dd?1yy?$AA@ 100200c4     LIBCMT:nlsdata.obj
 0002:000010d0       ??_C@_0BE@CKGJFCPC@dddd?0?5MMMM?5dd?0?5yyyy?$AA@ 100200d0     LIBCMT:nlsdata.obj
 0002:000010e4       ??_C@_08JCCMCCIL@HH?3mm?3ss?$AA@ 100200e4     LIBCMT:nlsdata.obj
 0002:000010f0       ??_C@_17MBGCMIPB@?$AAS?$AAu?$AAn?$AA?$AA@ 100200f0     LIBCMT:nlsdata.obj
 0002:000010f8       ??_C@_17KBOMKBF@?$AAM?$AAo?$AAn?$AA?$AA@ 100200f8     LIBCMT:nlsdata.obj
 0002:00001100       ??_C@_17BMKGEGOJ@?$AAT?$AAu?$AAe?$AA?$AA@ 10020100     LIBCMT:nlsdata.obj
 0002:00001108       ??_C@_17CJEDCEPE@?$AAW?$AAe?$AAd?$AA?$AA@ 10020108     LIBCMT:nlsdata.obj
 0002:00001110       ??_C@_17PDPHAADD@?$AAT?$AAh?$AAu?$AA?$AA@ 10020110     LIBCMT:nlsdata.obj
 0002:00001118       ??_C@_17HFOLPPLP@?$AAF?$AAr?$AAi?$AA?$AA@ 10020118     LIBCMT:nlsdata.obj
 0002:00001120       ??_C@_17GGIBDPIH@?$AAS?$AAa?$AAt?$AA?$AA@ 10020120     LIBCMT:nlsdata.obj
 0002:00001128       ??_C@_1O@IHNHDHPB@?$AAS?$AAu?$AAn?$AAd?$AAa?$AAy?$AA?$AA@ 10020128     LIBCMT:nlsdata.obj
 0002:00001138       ??_C@_1O@MMNBFLIA@?$AAM?$AAo?$AAn?$AAd?$AAa?$AAy?$AA?$AA@ 10020138     LIBCMT:nlsdata.obj
 0002:00001148       ??_C@_1BA@ENFBFFEK@?$AAT?$AAu?$AAe?$AAs?$AAd?$AAa?$AAy?$AA?$AA@ 10020148     LIBCMT:nlsdata.obj
 0002:00001158       ??_C@_1BE@EBOGMDOH@?$AAW?$AAe?$AAd?$AAn?$AAe?$AAs?$AAd?$AAa?$AAy?$AA?$AA@ 10020158     LIBCMT:nlsdata.obj
 0002:0000116c       ??_C@_1BC@HHMNLIHE@?$AAT?$AAh?$AAu?$AAr?$AAs?$AAd?$AAa?$AAy?$AA?$AA@ 1002016c     LIBCMT:nlsdata.obj
 0002:00001180       ??_C@_1O@PDICJHAG@?$AAF?$AAr?$AAi?$AAd?$AAa?$AAy?$AA?$AA@ 10020180     LIBCMT:nlsdata.obj
 0002:00001190       ??_C@_1BC@ENMNNPAJ@?$AAS?$AAa?$AAt?$AAu?$AAr?$AAd?$AAa?$AAy?$AA?$AA@ 10020190     LIBCMT:nlsdata.obj
 0002:000011a4       ??_C@_17DKNBKCHM@?$AAJ?$AAa?$AAn?$AA?$AA@ 100201a4     LIBCMT:nlsdata.obj
 0002:000011ac       ??_C@_17LMDJEKJN@?$AAF?$AAe?$AAb?$AA?$AA@ 100201ac     LIBCMT:nlsdata.obj
 0002:000011b4       ??_C@_17CKNLEDEC@?$AAM?$AAa?$AAr?$AA?$AA@ 100201b4     LIBCMT:nlsdata.obj
 0002:000011bc       ??_C@_17LFPOIHDD@?$AAA?$AAp?$AAr?$AA?$AA@ 100201bc     LIBCMT:nlsdata.obj
 0002:000011c4       ??_C@_17PNNKMEED@?$AAM?$AAa?$AAy?$AA?$AA@ 100201c4     LIBCMT:nlsdata.obj
 0002:000011cc       ??_C@_17KCJGOCPB@?$AAJ?$AAu?$AAn?$AA?$AA@ 100201cc     LIBCMT:nlsdata.obj
 0002:000011d4       ??_C@_17IJPCKHK@?$AAJ?$AAu?$AAl?$AA?$AA@ 100201d4     LIBCMT:nlsdata.obj
 0002:000011dc       ??_C@_17ICPELBCN@?$AAA?$AAu?$AAg?$AA?$AA@ 100201dc     LIBCMT:nlsdata.obj
 0002:000011e4       ??_C@_17HCHCOKMG@?$AAS?$AAe?$AAp?$AA?$AA@ 100201e4     LIBCMT:nlsdata.obj
 0002:000011ec       ??_C@_17FNLKOI@?$AAO?$AAc?$AAt?$AA?$AA@ 100201ec     LIBCMT:nlsdata.obj
 0002:000011f4       ??_C@_17BBDMLCIG@?$AAN?$AAo?$AAv?$AA?$AA@ 100201f4     LIBCMT:nlsdata.obj
 0002:000011fc       ??_C@_17EGKACKIF@?$AAD?$AAe?$AAc?$AA?$AA@ 100201fc     LIBCMT:nlsdata.obj
 0002:00001204       ??_C@_1BA@EFMEIEBA@?$AAJ?$AAa?$AAn?$AAu?$AAa?$AAr?$AAy?$AA?$AA@ 10020204     LIBCMT:nlsdata.obj
 0002:00001214       ??_C@_1BC@JGDDFFAM@?$AAF?$AAe?$AAb?$AAr?$AAu?$AAa?$AAr?$AAy?$AA?$AA@ 10020214     LIBCMT:nlsdata.obj
 0002:00001228       ??_C@_1M@IKEENEDF@?$AAM?$AAa?$AAr?$AAc?$AAh?$AA?$AA@ 10020228     LIBCMT:nlsdata.obj
 0002:00001234       ??_C@_1M@GJNLMHFD@?$AAA?$AAp?$AAr?$AAi?$AAl?$AA?$AA@ 10020234     LIBCMT:nlsdata.obj
 0002:00001240       ??_C@_19EPFLPGAP@?$AAJ?$AAu?$AAn?$AAe?$AA?$AA@ 10020240     LIBCMT:nlsdata.obj
 0002:0000124c       ??_C@_19BIFMLPCD@?$AAJ?$AAu?$AAl?$AAy?$AA?$AA@ 1002024c     LIBCMT:nlsdata.obj
 0002:00001258       ??_C@_1O@PAHLKOAC@?$AAA?$AAu?$AAg?$AAu?$AAs?$AAt?$AA?$AA@ 10020258     LIBCMT:nlsdata.obj
 0002:00001268       ??_C@_1BE@DKAAMBJL@?$AAS?$AAe?$AAp?$AAt?$AAe?$AAm?$AAb?$AAe?$AAr?$AA?$AA@ 10020268     LIBCMT:nlsdata.obj
 0002:0000127c       ??_C@_1BA@EPANDLNG@?$AAO?$AAc?$AAt?$AAo?$AAb?$AAe?$AAr?$AA?$AA@ 1002027c     LIBCMT:nlsdata.obj
 0002:0000128c       ??_C@_1BC@BGLIFPF@?$AAN?$AAo?$AAv?$AAe?$AAm?$AAb?$AAe?$AAr?$AA?$AA@ 1002028c     LIBCMT:nlsdata.obj
 0002:000012a0       ??_C@_1BC@FEMKIFH@?$AAD?$AAe?$AAc?$AAe?$AAm?$AAb?$AAe?$AAr?$AA?$AA@ 100202a0     LIBCMT:nlsdata.obj
 0002:000012b4       ??_C@_15ODEHAHHF@?$AAA?$AAM?$AA?$AA@ 100202b4     LIBCMT:nlsdata.obj
 0002:000012bc       ??_C@_15CLMNNGEL@?$AAP?$AAM?$AA?$AA@ 100202bc     LIBCMT:nlsdata.obj
 0002:000012c4       ??_C@_1BC@IEBCMHCM@?$AAM?$AAM?$AA?1?$AAd?$AAd?$AA?1?$AAy?$AAy?$AA?$AA@ 100202c4     LIBCMT:nlsdata.obj
 0002:000012d8       ??_C@_1CI@KNAKOEBC@?$AAd?$AAd?$AAd?$AAd?$AA?0?$AA?5?$AAM?$AAM?$AAM?$AAM?$AA?5?$AAd?$AAd?$AA?0?$AA?5?$AAy?$AAy?$AAy?$AAy?$AA?$AA@ 100202d8     LIBCMT:nlsdata.obj
 0002:00001300       ??_C@_1BC@GDGBMEMK@?$AAH?$AAH?$AA?3?$AAm?$AAm?$AA?3?$AAs?$AAs?$AA?$AA@ 10020300     LIBCMT:nlsdata.obj
 0002:00001314       ??_C@_1M@BMHNFIME@?$AAe?$AAn?$AA?9?$AAU?$AAS?$AA?$AA@ 10020314     LIBCMT:nlsdata.obj
 0002:00001320       __sys_errlist              10020320     LIBCMT:syserr.obj
 0002:000013d0       ??_C@_08INEPGKHH@No?5error?$AA@ 100203d0     LIBCMT:syserr.obj
 0002:000013dc       ??_C@_0BI@BJFCGOHL@Operation?5not?5permitted?$AA@ 100203dc     LIBCMT:syserr.obj
 0002:000013f4       ??_C@_0BK@FMDHKPNF@No?5such?5file?5or?5directory?$AA@ 100203f4     LIBCMT:syserr.obj
 0002:00001410       ??_C@_0BA@FKIAIBGA@No?5such?5process?$AA@ 10020410     LIBCMT:syserr.obj
 0002:00001420       ??_C@_0BK@FJBOAFDK@Interrupted?5function?5call?$AA@ 10020420     LIBCMT:syserr.obj
 0002:0000143c       ??_C@_0BD@KKNFOBBD@Input?1output?5error?$AA@ 1002043c     LIBCMT:syserr.obj
 0002:00001450       ??_C@_0BK@DPKMCKJ@No?5such?5device?5or?5address?$AA@ 10020450     LIBCMT:syserr.obj
 0002:0000146c       ??_C@_0BC@MFFGCDFL@Arg?5list?5too?5long?$AA@ 1002046c     LIBCMT:syserr.obj
 0002:00001480       ??_C@_0BC@HKPNECK@Exec?5format?5error?$AA@ 10020480     LIBCMT:syserr.obj
 0002:00001494       ??_C@_0BE@NFGDDCEF@Bad?5file?5descriptor?$AA@ 10020494     LIBCMT:syserr.obj
 0002:000014a8       ??_C@_0BD@LOHELEP@No?5child?5processes?$AA@ 100204a8     LIBCMT:syserr.obj
 0002:000014bc       ??_C@_0CB@EPFKGNAK@Resource?5temporarily?5unavailable@ 100204bc     LIBCMT:syserr.obj
 0002:000014e0       ??_C@_0BB@IMDKMPFB@Not?5enough?5space?$AA@ 100204e0     LIBCMT:syserr.obj
 0002:000014f4       ??_C@_0BC@HFNFNKAI@Permission?5denied?$AA@ 100204f4     LIBCMT:syserr.obj
 0002:00001508       ??_C@_0M@LOEHLCJD@Bad?5address?$AA@ 10020508     LIBCMT:syserr.obj
 0002:00001514       ??_C@_0O@NIPGCINC@Unknown?5error?$AA@ 10020514     LIBCMT:syserr.obj
 0002:00001524       ??_C@_0BA@BIBLIOEK@Resource?5device?$AA@ 10020524     LIBCMT:syserr.obj
 0002:00001534       ??_C@_0M@NAAJNNGH@File?5exists?$AA@ 10020534     LIBCMT:syserr.obj
 0002:00001540       ??_C@_0O@OAMDNOCP@Improper?5link?$AA@ 10020540     LIBCMT:syserr.obj
 0002:00001550       ??_C@_0P@NLEIANHE@No?5such?5device?$AA@ 10020550     LIBCMT:syserr.obj
 0002:00001560       ??_C@_0BA@CJBACOOL@Not?5a?5directory?$AA@ 10020560     LIBCMT:syserr.obj
 0002:00001570       ??_C@_0P@NDHGCGKE@Is?5a?5directory?$AA@ 10020570     LIBCMT:syserr.obj
 0002:00001580       ??_C@_0BB@HMGGCEBG@Invalid?5argument?$AA@ 10020580     LIBCMT:syserr.obj
 0002:00001594       ??_C@_0BO@IIFBODJE@Too?5many?5open?5files?5in?5system?$AA@ 10020594     LIBCMT:syserr.obj
 0002:000015b4       ??_C@_0BE@INBJMKGG@Too?5many?5open?5files?$AA@ 100205b4     LIBCMT:syserr.obj
 0002:000015c8       ??_C@_0CE@ONOKNLPF@Inappropriate?5I?1O?5control?5operat@ 100205c8     LIBCMT:syserr.obj
 0002:000015ec       ??_C@_0P@LFMMIPAE@File?5too?5large?$AA@ 100205ec     LIBCMT:syserr.obj
 0002:000015fc       ??_C@_0BI@FEALHKLD@No?5space?5left?5on?5device?$AA@ 100205fc     LIBCMT:syserr.obj
 0002:00001614       ??_C@_0N@FEHLOILP@Invalid?5seek?$AA@ 10020614     LIBCMT:syserr.obj
 0002:00001624       ??_C@_0BG@DDBFNKBH@Read?9only?5file?5system?$AA@ 10020624     LIBCMT:syserr.obj
 0002:0000163c       ??_C@_0P@PKCJJLLM@Too?5many?5links?$AA@ 1002063c     LIBCMT:syserr.obj
 0002:0000164c       ??_C@_0M@LHEPIIOM@Broken?5pipe?$AA@ 1002064c     LIBCMT:syserr.obj
 0002:00001658       ??_C@_0N@MMJPGLJK@Domain?5error?$AA@ 10020658     LIBCMT:syserr.obj
 0002:00001668       ??_C@_0BB@FCBJFCAJ@Result?5too?5large?$AA@ 10020668     LIBCMT:syserr.obj
 0002:0000167c       ??_C@_0BK@JAEBMJJM@Resource?5deadlock?5avoided?$AA@ 1002067c     LIBCMT:syserr.obj
 0002:00001698       ??_C@_0BC@BEDIHIDK@Filename?5too?5long?$AA@ 10020698     LIBCMT:syserr.obj
 0002:000016ac       ??_C@_0BD@CLHBCGPB@No?5locks?5available?$AA@ 100206ac     LIBCMT:syserr.obj
 0002:000016c0       ??_C@_0BJ@IHEHINLI@Function?5not?5implemented?$AA@ 100206c0     LIBCMT:syserr.obj
 0002:000016dc       ??_C@_0BE@ICMCHPHH@Directory?5not?5empty?$AA@ 100206dc     LIBCMT:syserr.obj
 0002:000016f0       ??_C@_0BG@KLEAJEFJ@Illegal?5byte?5sequence?$AA@ 100206f0     LIBCMT:syserr.obj
 0002:00001728       __XcptActTab               10020728     LIBCMT:winxfltr.obj
 0002:000017b8       __XcptActTabCount          100207b8     LIBCMT:winxfltr.obj
 0002:000017bc       __XcptActTabSize           100207bc     LIBCMT:winxfltr.obj
 0002:000017c0       __First_FPE_Indx           100207c0     LIBCMT:winxfltr.obj
 0002:000017c4       __Num_FPE                  100207c4     LIBCMT:winxfltr.obj
 0002:000017c8       ??_C@_1BG@GOEBHBDC@?$AAU?$AAS?$AAE?$AAR?$AA3?$AA2?$AA?4?$AAD?$AAL?$AAL?$AA?$AA@ 100207c8     LIBCMT:crtmboxw.obj
 0002:000017e0       ??_C@_0M@DLDCCGNP@MessageBoxW?$AA@ 100207e0     LIBCMT:crtmboxw.obj
 0002:000017ec       ??_C@_0BA@HNOPNCHB@GetActiveWindow?$AA@ 100207ec     LIBCMT:crtmboxw.obj
 0002:000017fc       ??_C@_0BD@HHGDFDBJ@GetLastActivePopup?$AA@ 100207fc     LIBCMT:crtmboxw.obj
 0002:00001810       ??_C@_0BK@DEKFELLI@GetUserObjectInformationW?$AA@ 10020810     LIBCMT:crtmboxw.obj
 0002:0000182c       ??_C@_0BI@DFKBFLJE@GetProcessWindowStation?$AA@ 1002082c     LIBCMT:crtmboxw.obj
 0002:00001850       ___newctype                10020850     LIBCMT:ctype.obj
 0002:00001b50       __wctype                   10020b50     LIBCMT:ctype.obj
 0002:00001d58       ___newclmap                10020d58     LIBCMT:ctype.obj
 0002:00001ed8       ___newcumap                10020ed8     LIBCMT:ctype.obj
 0002:00002058       ??_C@_1BA@BALFACEM@?$AAC?$AAO?$AAN?$AAO?$AAU?$AAT?$AA$?$AA?$AA@ 10021058     LIBCMT:initcon.obj
 0002:00002068       _LcidToLocaleNameTable     10021068     LIBCMT:winapinls.obj
 0002:00002788       _LocaleNameToIndexTable    10021788     LIBCMT:winapinls.obj
 0002:00002ea8       ??_C@_15EMKDOKLE@?$AAa?$AAr?$AA?$AA@ 10021ea8     LIBCMT:winapinls.obj
 0002:00002eb0       ??_C@_15KNPADPLH@?$AAb?$AAg?$AA?$AA@ 10021eb0     LIBCMT:winapinls.obj
 0002:00002eb8       ??_C@_15EDMHLDMO@?$AAc?$AAa?$AA?$AA@ 10021eb8     LIBCMT:winapinls.obj
 0002:00002ec0       ??_C@_1O@BPEAJADD@?$AAz?$AAh?$AA?9?$AAC?$AAH?$AAS?$AA?$AA@ 10021ec0     LIBCMT:winapinls.obj
 0002:00002ed0       ??_C@_15LJNHCMNK@?$AAc?$AAs?$AA?$AA@ 10021ed0     LIBCMT:winapinls.obj
 0002:00002ed8       ??_C@_15FOMCIDHG@?$AAd?$AAa?$AA?$AA@ 10021ed8     LIBCMT:winapinls.obj
 0002:00002ee0       ??_C@_15NBKABECB@?$AAd?$AAe?$AA?$AA@ 10021ee0     LIBCMT:winapinls.obj
 0002:00002ee8       ??_C@_15GHPEIIAO@?$AAe?$AAl?$AA?$AA@ 10021ee8     LIBCMT:winapinls.obj
 0002:00002ef0       ??_C@_15MNPNEAIF@?$AAe?$AAn?$AA?$AA@ 10021ef0     LIBCMT:winapinls.obj
 0002:00002ef8       ??_C@_15GPIOMPMH@?$AAe?$AAs?$AA?$AA@ 10021ef8     LIBCMT:winapinls.obj
 0002:00002f00       ??_C@_15NGLOAKJC@?$AAf?$AAi?$AA?$AA@ 10021f00     LIBCMT:winapinls.obj
 0002:00002f08       ??_C@_15FBKGNKAM@?$AAf?$AAr?$AA?$AA@ 10021f08     LIBCMT:winapinls.obj
 0002:00002f10       ??_C@_15KGGCNEFK@?$AAh?$AAe?$AA?$AA@ 10021f10     LIBCMT:winapinls.obj
 0002:00002f18       ??_C@_15PGHLIDMF@?$AAh?$AAu?$AA?$AA@ 10021f18     LIBCMT:winapinls.obj
 0002:00002f20       ??_C@_15BIEMAPLM@?$AAi?$AAs?$AA?$AA@ 10021f20     LIBCMT:winapinls.obj
 0002:00002f28       ??_C@_15IFJLDHAF@?$AAi?$AAt?$AA?$AA@ 10021f28     LIBCMT:winapinls.obj
 0002:00002f30       ??_C@_15GEMIOCAG@?$AAj?$AAa?$AA?$AA@ 10021f30     LIBCMT:winapinls.obj
 0002:00002f38       ??_C@_15EPELEGJA@?$AAk?$AAo?$AA?$AA@ 10021f38     LIBCMT:winapinls.obj
 0002:00002f40       ??_C@_15NDDHIMN@?$AAn?$AAl?$AA?$AA@ 10021f40     LIBCMT:winapinls.obj
 0002:00002f48       ??_C@_15BPIGNHCD@?$AAn?$AAo?$AA?$AA@ 10021f48     LIBCMT:winapinls.obj
 0002:00002f50       ??_C@_15DEOPBLCG@?$AAp?$AAl?$AA?$AA@ 10021f50     LIBCMT:winapinls.obj
 0002:00002f58       ??_C@_15KBECGEFG@?$AAp?$AAt?$AA?$AA@ 10021f58     LIBCMT:winapinls.obj
 0002:00002f60       ??_C@_15GLJCBFMD@?$AAr?$AAo?$AA?$AA@ 10021f60     LIBCMT:winapinls.obj
 0002:00002f68       ??_C@_15FEDGKCDI@?$AAr?$AAu?$AA?$AA@ 10021f68     LIBCMT:winapinls.obj
 0002:00002f70       ??_C@_15GLKMLLHM@?$AAh?$AAr?$AA?$AA@ 10021f70     LIBCMT:winapinls.obj
 0002:00002f78       ??_C@_15CPKMFBDB@?$AAs?$AAk?$AA?$AA@ 10021f78     LIBCMT:winapinls.obj
 0002:00002f80       ??_C@_15BAAIOGMK@?$AAs?$AAq?$AA?$AA@ 10021f80     LIBCMT:winapinls.obj
 0002:00002f88       ??_C@_15INNPNOHD@?$AAs?$AAv?$AA?$AA@ 10021f88     LIBCMT:winapinls.obj
 0002:00002f90       ??_C@_15CABMMOGH@?$AAt?$AAh?$AA?$AA@ 10021f90     LIBCMT:winapinls.obj
 0002:00002f98       ??_C@_15BPLIHJJM@?$AAt?$AAr?$AA?$AA@ 10021f98     LIBCMT:winapinls.obj
 0002:00002fa0       ??_C@_15NEOEKKDJ@?$AAu?$AAr?$AA?$AA@ 10021fa0     LIBCMT:winapinls.obj
 0002:00002fa8       ??_C@_15NFICGAJK@?$AAi?$AAd?$AA?$AA@ 10021fa8     LIBCMT:winapinls.obj
 0002:00002fb0       ??_C@_15PJPFLCCM@?$AAu?$AAk?$AA?$AA@ 10021fb0     LIBCMT:winapinls.obj
 0002:00002fb8       ??_C@_15HPJPHDM@?$AAb?$AAe?$AA?$AA@ 10021fb8     LIBCMT:winapinls.obj
 0002:00002fc0       ??_C@_15LCHLGJII@?$AAs?$AAl?$AA?$AA@ 10021fc0     LIBCMT:winapinls.obj
 0002:00002fc8       ??_C@_15PCFJPHHO@?$AAe?$AAt?$AA?$AA@ 10021fc8     LIBCMT:winapinls.obj
 0002:00002fd0       ??_C@_15HPFPGODN@?$AAl?$AAv?$AA?$AA@ 10021fd0     LIBCMT:winapinls.obj
 0002:00002fd8       ??_C@_15NFFGKGLG@?$AAl?$AAt?$AA?$AA@ 10021fd8     LIBCMT:winapinls.obj
 0002:00002fe0       ??_C@_15BDAKCCHN@?$AAf?$AAa?$AA?$AA@ 10021fe0     LIBCMT:winapinls.obj
 0002:00002fe8       ??_C@_15NFGIAIAJ@?$AAv?$AAi?$AA?$AA@ 10021fe8     LIBCMT:winapinls.obj
 0002:00002ff0       ??_C@_15LMKNDMHN@?$AAh?$AAy?$AA?$AA@ 10021ff0     LIBCMT:winapinls.obj
 0002:00002ff8       ??_C@_15IJBHMCFL@?$AAa?$AAz?$AA?$AA@ 10021ff8     LIBCMT:winapinls.obj
 0002:00003000       ??_C@_15EKOFJABL@?$AAe?$AAu?$AA?$AA@ 10022000     LIBCMT:winapinls.obj
 0002:00003008       ??_C@_15BGHADCNK@?$AAm?$AAk?$AA?$AA@ 10022008     LIBCMT:winapinls.obj
 0002:00003010       ??_C@_15JDNICKHM@?$AAa?$AAf?$AA?$AA@ 10022010     LIBCMT:winapinls.obj
 0002:00003018       ??_C@_15KPJEDBKD@?$AAk?$AAa?$AA?$AA@ 10022018     LIBCMT:winapinls.obj
 0002:00003020       ??_C@_15PDNFFFEO@?$AAf?$AAo?$AA?$AA@ 10022020     LIBCMT:winapinls.obj
 0002:00003028       ??_C@_15OMLEGLOC@?$AAh?$AAi?$AA?$AA@ 10022028     LIBCMT:winapinls.obj
 0002:00003030       ??_C@_15IDNNENKK@?$AAm?$AAs?$AA?$AA@ 10022030     LIBCMT:winapinls.obj
 0002:00003038       ??_C@_15MACJNBMH@?$AAk?$AAk?$AA?$AA@ 10022038     LIBCMT:winapinls.obj
 0002:00003040       ??_C@_15DKDJEOND@?$AAk?$AAy?$AA?$AA@ 10022040     LIBCMT:winapinls.obj
 0002:00003048       ??_C@_15DFGDLJBG@?$AAs?$AAw?$AA?$AA@ 10022048     LIBCMT:winapinls.obj
 0002:00003050       ??_C@_15BBFAICNG@?$AAu?$AAz?$AA?$AA@ 10022050     LIBCMT:winapinls.obj
 0002:00003058       ??_C@_15DKNDCGEA@?$AAt?$AAt?$AA?$AA@ 10022058     LIBCMT:winapinls.obj
 0002:00003060       ??_C@_15MGIFMDPL@?$AAp?$AAa?$AA?$AA@ 10022060     LIBCMT:winapinls.obj
 0002:00003068       ??_C@_15HCNDBBA@?$AAg?$AAu?$AA?$AA@ 10022068     LIBCMT:winapinls.obj
 0002:00003070       ??_C@_15FNBEIBON@?$AAt?$AAa?$AA?$AA@ 10022070     LIBCMT:winapinls.obj
 0002:00003078       ??_C@_15NCHGBGLK@?$AAt?$AAe?$AA?$AA@ 10022078     LIBCMT:winapinls.obj
 0002:00003080       ??_C@_15PHPHCBPF@?$AAk?$AAn?$AA?$AA@ 10022080     LIBCMT:winapinls.obj
 0002:00003088       ??_C@_15DLGBCKMP@?$AAm?$AAr?$AA?$AA@ 10022088     LIBCMT:winapinls.obj
 0002:00003090       ??_C@_15EABBLBFF@?$AAs?$AAa?$AA?$AA@ 10022090     LIBCMT:winapinls.obj
 0002:00003098       ??_C@_15CBKOMCOI@?$AAm?$AAn?$AA?$AA@ 10022098     LIBCMT:winapinls.obj
 0002:000030a0       ??_C@_15CKDMCJAF@?$AAg?$AAl?$AA?$AA@ 100220a0     LIBCMT:winapinls.obj
 0002:000030a8       ??_C@_17CNJFBPG@?$AAk?$AAo?$AAk?$AA?$AA@ 100220a8     LIBCMT:winapinls.obj
 0002:000030b0       ??_C@_17FFBJICPL@?$AAs?$AAy?$AAr?$AA?$AA@ 100220b0     LIBCMT:winapinls.obj
 0002:000030b8       ??_C@_17KPNDCPAF@?$AAd?$AAi?$AAv?$AA?$AA@ 100220b8     LIBCMT:winapinls.obj
 0002:000030c0       ??_C@_11LOCGONAA@?$AA?$AA@ 100220c0     LIBCMT:winapinls.obj
 0002:000030c4       ??_C@_1M@OKAHONE@?$AAa?$AAr?$AA?9?$AAS?$AAA?$AA?$AA@ 100220c4     LIBCMT:winapinls.obj
 0002:000030d0       ??_C@_1M@FFFIGIGK@?$AAb?$AAg?$AA?9?$AAB?$AAG?$AA?$AA@ 100220d0     LIBCMT:winapinls.obj
 0002:000030dc       ??_C@_1M@BJNKEDC@?$AAc?$AAa?$AA?9?$AAE?$AAS?$AA?$AA@ 100220dc     LIBCMT:winapinls.obj
 0002:000030e8       ??_C@_1M@IJJHFJHA@?$AAc?$AAs?$AA?9?$AAC?$AAZ?$AA?$AA@ 100220e8     LIBCMT:winapinls.obj
 0002:000030f4       ??_C@_1M@CLPEOBGI@?$AAd?$AAa?$AA?9?$AAD?$AAK?$AA?$AA@ 100220f4     LIBCMT:winapinls.obj
 0002:00003100       ??_C@_1M@MCMADGCB@?$AAd?$AAe?$AA?9?$AAD?$AAE?$AA?$AA@ 10022100     LIBCMT:winapinls.obj
 0002:0000310c       ??_C@_1M@OOCKEMAM@?$AAe?$AAl?$AA?9?$AAG?$AAR?$AA?$AA@ 1002210c     LIBCMT:winapinls.obj
 0002:00003118       ??_C@_1M@DDNJFGID@?$AAf?$AAi?$AA?9?$AAF?$AAI?$AA?$AA@ 10022118     LIBCMT:winapinls.obj
 0002:00003124       ??_C@_1M@GLIPPMAC@?$AAf?$AAr?$AA?9?$AAF?$AAR?$AA?$AA@ 10022124     LIBCMT:winapinls.obj
 0002:00003130       ??_C@_1M@GFMCHPE@?$AAh?$AAe?$AA?9?$AAI?$AAL?$AA?$AA@ 10022130     LIBCMT:winapinls.obj
 0002:0000313c       ??_C@_1M@MHLPGNKM@?$AAh?$AAu?$AA?9?$AAH?$AAU?$AA?$AA@ 1002213c     LIBCMT:winapinls.obj
 0002:00003148       ??_C@_1M@LPDDNNPN@?$AAi?$AAs?$AA?9?$AAI?$AAS?$AA?$AA@ 10022148     LIBCMT:winapinls.obj
 0002:00003154       ??_C@_1M@MADIPODN@?$AAi?$AAt?$AA?9?$AAI?$AAT?$AA?$AA@ 10022154     LIBCMT:winapinls.obj
 0002:00003160       ??_C@_1M@IHBJJGG@?$AAn?$AAl?$AA?9?$AAN?$AAL?$AA?$AA@ 10022160     LIBCMT:winapinls.obj
 0002:0000316c       ??_C@_1M@EANAGDL@?$AAn?$AAb?$AA?9?$AAN?$AAO?$AA?$AA@ 1002216c     LIBCMT:winapinls.obj
 0002:00003178       ??_C@_1M@NEIEMEGP@?$AAp?$AAl?$AA?9?$AAP?$AAL?$AA?$AA@ 10022178     LIBCMT:winapinls.obj
 0002:00003184       ??_C@_1M@BOCFIGEP@?$AAp?$AAt?$AA?9?$AAB?$AAR?$AA?$AA@ 10022184     LIBCMT:winapinls.obj
 0002:00003190       ??_C@_1M@IMPFOPBG@?$AAr?$AAo?$AA?9?$AAR?$AAO?$AA?$AA@ 10022190     LIBCMT:winapinls.obj
 0002:0000319c       ??_C@_1M@IDNNEJMM@?$AAr?$AAu?$AA?9?$AAR?$AAU?$AA?$AA@ 1002219c     LIBCMT:winapinls.obj
 0002:000031a8       ??_C@_1M@LILEEOGM@?$AAh?$AAr?$AA?9?$AAH?$AAR?$AA?$AA@ 100221a8     LIBCMT:winapinls.obj
 0002:000031b4       ??_C@_1M@FKIFEHPB@?$AAs?$AAk?$AA?9?$AAS?$AAK?$AA?$AA@ 100221b4     LIBCMT:winapinls.obj
 0002:000031c0       ??_C@_1M@LJMAMNPJ@?$AAs?$AAq?$AA?9?$AAA?$AAL?$AA?$AA@ 100221c0     LIBCMT:winapinls.obj
 0002:000031cc       ??_C@_1M@GIAKDKJK@?$AAs?$AAv?$AA?9?$AAS?$AAE?$AA?$AA@ 100221cc     LIBCMT:winapinls.obj
 0002:000031d8       ??_C@_1M@MKJKIKCL@?$AAt?$AAh?$AA?9?$AAT?$AAH?$AA?$AA@ 100221d8     LIBCMT:winapinls.obj
 0002:000031e4       ??_C@_1M@MFLCCMPB@?$AAt?$AAr?$AA?9?$AAT?$AAR?$AA?$AA@ 100221e4     LIBCMT:winapinls.obj
 0002:000031f0       ??_C@_1M@OIJHDKJN@?$AAu?$AAr?$AA?9?$AAP?$AAK?$AA?$AA@ 100221f0     LIBCMT:winapinls.obj
 0002:000031fc       ??_C@_1M@LHIPCIEK@?$AAi?$AAd?$AA?9?$AAI?$AAD?$AA?$AA@ 100221fc     LIBCMT:winapinls.obj
 0002:00003208       ??_C@_1M@MFMOBGI@?$AAu?$AAk?$AA?9?$AAU?$AAA?$AA?$AA@ 10022208     LIBCMT:winapinls.obj
 0002:00003214       ??_C@_1M@OBGLJIPL@?$AAb?$AAe?$AA?9?$AAB?$AAY?$AA?$AA@ 10022214     LIBCMT:winapinls.obj
 0002:00003220       ??_C@_1M@BCFAJEAD@?$AAs?$AAl?$AA?9?$AAS?$AAI?$AA?$AA@ 10022220     LIBCMT:winapinls.obj
 0002:0000322c       ??_C@_1M@FKFFEDDN@?$AAe?$AAt?$AA?9?$AAE?$AAE?$AA?$AA@ 1002222c     LIBCMT:winapinls.obj
 0002:00003238       ??_C@_1M@KGKKAACI@?$AAl?$AAv?$AA?9?$AAL?$AAV?$AA?$AA@ 10022238     LIBCMT:winapinls.obj
 0002:00003244       ??_C@_1M@IFGBIJO@?$AAl?$AAt?$AA?9?$AAL?$AAT?$AA?$AA@ 10022244     LIBCMT:winapinls.obj
 0002:00003250       ??_C@_1M@FGEAHEDM@?$AAf?$AAa?$AA?9?$AAI?$AAR?$AA?$AA@ 10022250     LIBCMT:winapinls.obj
 0002:0000325c       ??_C@_1M@KBMAIBFN@?$AAv?$AAi?$AA?9?$AAV?$AAN?$AA?$AA@ 1002225c     LIBCMT:winapinls.obj
 0002:00003268       ??_C@_1M@GPCBKDJK@?$AAh?$AAy?$AA?9?$AAA?$AAM?$AA?$AA@ 10022268     LIBCMT:winapinls.obj
 0002:00003274       ??_C@_1BG@BECMDDJB@?$AAa?$AAz?$AA?9?$AAA?$AAZ?$AA?9?$AAL?$AAa?$AAt?$AAn?$AA?$AA@ 10022274     LIBCMT:winapinls.obj
 0002:0000328c       ??_C@_1M@MAOFCAEA@?$AAe?$AAu?$AA?9?$AAE?$AAS?$AA?$AA@ 1002228c     LIBCMT:winapinls.obj
 0002:00003298       ??_C@_1M@IGHABKPI@?$AAm?$AAk?$AA?9?$AAM?$AAK?$AA?$AA@ 10022298     LIBCMT:winapinls.obj
 0002:000032a4       ??_C@_1M@IAIGNEJG@?$AAt?$AAn?$AA?9?$AAZ?$AAA?$AA?$AA@ 100222a4     LIBCMT:winapinls.obj
 0002:000032b0       ??_C@_1M@IIJCOJFA@?$AAx?$AAh?$AA?9?$AAZ?$AAA?$AA?$AA@ 100222b0     LIBCMT:winapinls.obj
 0002:000032bc       ??_C@_1M@LGPJHNJH@?$AAz?$AAu?$AA?9?$AAZ?$AAA?$AA?$AA@ 100222bc     LIBCMT:winapinls.obj
 0002:000032c8       ??_C@_1M@HOKAOIO@?$AAa?$AAf?$AA?9?$AAZ?$AAA?$AA?$AA@ 100222c8     LIBCMT:winapinls.obj
 0002:000032d4       ??_C@_1M@DPCLHLIE@?$AAk?$AAa?$AA?9?$AAG?$AAE?$AA?$AA@ 100222d4     LIBCMT:winapinls.obj
 0002:000032e0       ??_C@_1M@BLKMHJBI@?$AAf?$AAo?$AA?9?$AAF?$AAO?$AA?$AA@ 100222e0     LIBCMT:winapinls.obj
 0002:000032ec       ??_C@_1M@LGGJAPPB@?$AAh?$AAi?$AA?9?$AAI?$AAN?$AA?$AA@ 100222ec     LIBCMT:winapinls.obj
 0002:000032f8       ??_C@_1M@FIKPIHFE@?$AAm?$AAt?$AA?9?$AAM?$AAT?$AA?$AA@ 100222f8     LIBCMT:winapinls.obj
 0002:00003304       ??_C@_1M@HEGGPBFA@?$AAs?$AAe?$AA?9?$AAN?$AAO?$AA?$AA@ 10022304     LIBCMT:winapinls.obj
 0002:00003310       ??_C@_1M@EIBJEEPA@?$AAm?$AAs?$AA?9?$AAM?$AAY?$AA?$AA@ 10022310     LIBCMT:winapinls.obj
 0002:0000331c       ??_C@_1M@FHLBGMPP@?$AAk?$AAk?$AA?9?$AAK?$AAZ?$AA?$AA@ 1002231c     LIBCMT:winapinls.obj
 0002:00003328       ??_C@_1M@NGJJLCGI@?$AAk?$AAy?$AA?9?$AAK?$AAG?$AA?$AA@ 10022328     LIBCMT:winapinls.obj
 0002:00003334       ??_C@_1M@GIENNBFC@?$AAs?$AAw?$AA?9?$AAK?$AAE?$AA?$AA@ 10022334     LIBCMT:winapinls.obj
 0002:00003340       ??_C@_1BG@NDGMJIMJ@?$AAu?$AAz?$AA?9?$AAU?$AAZ?$AA?9?$AAL?$AAa?$AAt?$AAn?$AA?$AA@ 10022340     LIBCMT:winapinls.obj
 0002:00003358       ??_C@_1M@IDCCIHBC@?$AAt?$AAt?$AA?9?$AAR?$AAU?$AA?$AA@ 10022358     LIBCMT:winapinls.obj
 0002:00003364       ??_C@_1M@LOICPMOJ@?$AAb?$AAn?$AA?9?$AAI?$AAN?$AA?$AA@ 10022364     LIBCMT:winapinls.obj
[...]
 0001:0001b8ac       __cftof2_l                 1001c8ac f   LIBCMT:cvt.obj
 0001:0001bce2       __shift                    1001cce2 f   LIBCMT:cvt.obj
 0001:0001bf90       $$000000                   1001cf90     LIBCMT:memmove.obj
 0001:0001c1e0       LeadUpVec                  1001d1e0     LIBCMT:memmove.obj
 0001:0001c25c       UnwindUpVec                1001d25c     LIBCMT:memmove.obj
 0001:0001c2c8       TrailUpVec                 1001d2c8     LIBCMT:memmove.obj
 0001:0001c36c       LeadDownVec                1001d36c     LIBCMT:memmove.obj
 0001:0001c3f8       UnwindDownVec              1001d3f8     LIBCMT:memmove.obj
 0001:0001c464       TrailDownVec               1001d464     LIBCMT:memmove.obj
 0001:0001c5e0       $$000000                   1001d5e0     LIBCMT:strrchr.obj
 0001:0001c920       $$000000                   1001d920     LIBCMT:lldvrm.obj
 0001:0001ca00       $$000000                   1001da00     LIBCMT:ullshr.obj
 0001:0001d450       ___hw_cw_sse2              1001e450 f   LIBCMT:ieee87.obj
 0001:0001d7fb       __hw_cw                    1001e7fb f   LIBCMT:ieee87.obj
 0001:0001d920       $$000000                   1001e920     LIBCMT:lldiv.obj
 0002:00000118       _pinit                     1001f118     LIBCMT:mbctype.obj
 0002:0000011c       _pinit                     1001f11c     LIBCMT:_file.obj
 0002:00000120       _pinit                     1001f120     LIBCMT:onexit.obj
 0002:00000124       _pinit                     1001f124     LIBCMT:cpu_disp.obj
 0002:00000130       _pterm                     1001f130     LIBCMT:initcon.obj
 0002:00000134       _pterm                     1001f134     LIBCMT:wsetloca.obj
 0002:00000138       _pterm                     1001f138     LIBCMT:_file.obj
 0002:000004a8       _rterrs                    1001f4a8     LIBCMT:crt0msg.obj
 0002:00000f84       __mb_locale_names          1001ff84     LIBCMT:mbctype.obj
 0002:00001708       ?ccsField@?P@??_openfile@@9@9 10020708     LIBCMT:_open.obj
 0002:0000170c       ?utf8encoding@?P@??_openfile@@9@9 1002070c     LIBCMT:_open.obj
 0002:00001714       ?utf16encoding@?P@??_openfile@@9@9 10020714     LIBCMT:_open.obj
 0002:00001720       ?unicodeencoding@?P@??_openfile@@9@9 10020720     LIBCMT:_open.obj
 0002:00001844       _GS_ExceptionPointers      10020844     LIBCMT:gs_report.obj
 0002:000040e0       __first_127char            100230e0     LIBCMT:wsetloca.obj
 0002:00004200       _crc_table                 10023200     crc32.obj
 0002:00006200       _configuration_table       10025200     deflate.obj
 0002:00006278       ?my_version@?1??deflateInit2_@@9@9 10025278     deflate.obj
 0002:00006280       ?lenfix@?1??fixedtables@@9@9 10025280     infback.obj
 0002:00006a80       ?order@?1??inflateBack@@9@9 10025a80     infback.obj
 0002:00006aa8       ?distfix@?1??fixedtables@@9@9 10025aa8     infback.obj
 0002:00006b28       ?lenfix@?1??fixedtables@@9@9 10025b28     inflate.obj
 0002:00007330       ?order@?1??inflate@@9@9    10026330     inflate.obj
 0002:00007358       ?distfix@?1??fixedtables@@9@9 10026358     inflate.obj
 0002:000073e0       ?lext@?1??inflate_table@@9@9 100263e0     inftrees.obj
 0002:00007420       ?dbase@?1??inflate_table@@9@9 10026420     inftrees.obj
 0002:00007460       ?lbase@?1??inflate_table@@9@9 10026460     inftrees.obj
 0002:000074a0       ?dext@?1??inflate_table@@9@9 100264a0     inftrees.obj
 0002:000077e0       _static_dtree              100267e0     trees.obj
 0002:00007860       _static_ltree              10026860     trees.obj
 0002:00007ce0       _static_bl_desc            10026ce0     trees.obj
 0002:00007cf4       _static_d_desc             10026cf4     trees.obj
 0002:00007d10       _extra_dbits               10026d10     trees.obj
 0002:00007d90       _base_length               10026d90     trees.obj
 0002:00007e04       _static_l_desc             10026e04     trees.obj
 0002:00007e18       _extra_blbits              10026e18     trees.obj
 0002:00007e70       _extra_lbits               10026e70     trees.obj
 0002:00007ef0       _bl_order                  10026ef0     trees.obj
 0002:00007f10       _base_dist                 10026f10     trees.obj
 0002:00008408       __sehtable$__lseeki64      10027408     LIBCMT:lseeki64.obj
 0002:00008428       __sehtable$__wopen         10027428     LIBCMT:wopen.obj
 0002:00008448       __sehtable$__sopen_helper  10027448     LIBCMT:open.obj
 0002:00008468       __sehtable$__open          10027468     LIBCMT:open.obj
 0002:00008488       __sehtable$__read          10027488     LIBCMT:read.obj
 0002:000084a8       __sehtable$__close         100274a8     LIBCMT:close.obj
 0002:000084c8       __sehtable$__write         100274c8     LIBCMT:write.obj
 0002:000084e8       __sehtable$__ftelli64      100274e8     LIBCMT:ftelli64.obj
 0002:00008508       __sehtable$__fseeki64      10027508     LIBCMT:fseeki64.obj
 0002:00008528       __sehtable$__fsopen        10027528     LIBCMT:fopen.obj
 0002:00008548       __sehtable$_fread_s        10027548     LIBCMT:fread.obj
 0002:00008568       __sehtable$_fwrite         10027568     LIBCMT:fwrite.obj
 0002:00008588       __sehtable$_fclose         10027588     LIBCMT:fclose.obj
 0002:000085a8       __sehtable$__CRT_INIT@12   100275a8     LIBCMT:dllcrt0.obj
 0002:000085c8       __sehtable$___DllMainCRTStartup 100275c8     LIBCMT:dllcrt0.obj
 0002:000085e8       __sehtable$__alloc_osfhnd  100275e8     LIBCMT:osfinfo.obj
 0002:00008610       __sehtable$___lock_fhandle 10027610     LIBCMT:osfinfo.obj
 0002:00008630       __sehtable$__ioinit        10027630     LIBCMT:ioinit.obj
 0002:00008650       __sehtable$_doexit         10027650     LIBCMT:crt0dat.obj
 0002:00008670       __sehtable$___updatetlocinfo 10027670     LIBCMT:localref.obj
 0002:00008690       __sehtable$___updatetmbcinfo 10027690     LIBCMT:mbctype.obj
 0002:000086b0       __sehtable$__setmbcp       100276b0     LIBCMT:mbctype.obj
 0002:000086d0       __sehtable$__freefls@4     100276d0     LIBCMT:tidtable.obj
 0002:000086f8       __sehtable$__initptd       100276f8     LIBCMT:tidtable.obj
 0002:00008720       __sehtable$_flsall         10027720     LIBCMT:fflush.obj
 0002:00008748       __sehtable$__getstream     10027748     LIBCMT:stream.obj
 0002:00008768       __sehtable$__mtinitlocknum 10027768     LIBCMT:mlock.obj
 0002:00008788       __sehtable$__IsNonwritableInCurrentImage 10027788     LIBCMT:pesect.obj
 0002:000087a8       __sehtable$__onexit        100277a8     LIBCMT:onexit.obj
 0002:000087c8       __sehtable$?terminate@@YAXXZ 100277c8     LIBCMT:hooks.obj
 0002:000087e8       __sehtable$_raise          100277e8     LIBCMT:winsig.obj
 0002:00008808       __sehtable$__fcloseall     10027808     LIBCMT:closeall.obj
 0002:00008828       __sehtable$__commit        10027828     LIBCMT:commit.obj
 0002:00008848       __sehtable$__locterm       10027848     LIBCMT:wsetloca.obj
 0002:00008868       __sehtable$___set_fpsr_sse2 10027868     LIBCMT:fpctrl.obj
 0002:00008890       .edata                     10027890     zlibwapi.exp
 0002:000088b8       rgpv                       100278b8     zlibwapi.exp
 0002:00008b74       rgszName                   10027b74     zlibwapi.exp
 0002:00008d78       rgwOrd                     10027d78     zlibwapi.exp
 0002:00008e7a       szName                     10027e7a     zlibwapi.exp
 0002:00008e87       $N00001                    10027e87     zlibwapi.exp
 0002:00008e8f       $N00140                    10027e8f     zlibwapi.exp
 0002:00008e9f       $N00174                    10027e9f     zlibwapi.exp
 0002:00008ea9       $N00039                    10027ea9     zlibwapi.exp
 0002:00008eb3       $N00002                    10027eb3     zlibwapi.exp
 0002:00008ebc       $N00046                    10027ebc     zlibwapi.exp
 0002:00008eca       $N00003                    10027eca     zlibwapi.exp
 0002:00008ed0       $N00142                    10027ed0     zlibwapi.exp
 0002:00008ede       $N00175                    10027ede     zlibwapi.exp
 0002:00008ee6       $N00004                    10027ee6     zlibwapi.exp
 0002:00008eee       $N00047                    10027eee     zlibwapi.exp
 0002:00008efb       $N00005                    10027efb     zlibwapi.exp
 0002:00008f07       $N00006                    10027f07     zlibwapi.exp
 0002:00008f12       $N00173                    10027f12     zlibwapi.exp
 0002:00008f27       $N00007                    10027f27     zlibwapi.exp
 0002:00008f35       $N00008                    10027f35     zlibwapi.exp
 0002:00008f42       $N00009                    10027f42     zlibwapi.exp
 0002:00008f50       $N00052                    10027f50     zlibwapi.exp
 0002:00008f5f       $N00051                    10027f5f     zlibwapi.exp
 0002:00008f6c       $N00010                    10027f6c     zlibwapi.exp
 0002:00008f79       $N00164                    10027f79     zlibwapi.exp
 0002:00008f8a       $N00011                    10027f8a     zlibwapi.exp
 0002:00008f9f       $N00144                    10027f9f     zlibwapi.exp
 0002:00008fb0       $N00145                    10027fb0     zlibwapi.exp
 0002:00008fbc       $N00110                    10027fbc     zlibwapi.exp
 0002:00008fd0       $N00111                    10027fd0     zlibwapi.exp
 0002:00008fe6       $N00112                    10027fe6     zlibwapi.exp
 0002:00008ffd       $N00113                    10027ffd     zlibwapi.exp
 0002:00009014       $N00038                    10028014     zlibwapi.exp
 0002:00009022       $N00146                    10028022     zlibwapi.exp
 0002:0000902b       $N00048                    1002802b     zlibwapi.exp
 0002:00009036       $N00012                    10028036     zlibwapi.exp
 0002:0000903e       $N00147                    1002803e     zlibwapi.exp
 0002:00009048       $N00148                    10028048     zlibwapi.exp
 0002:00009052       $N00149                    10028052     zlibwapi.exp
 0002:0000905b       $N00013                    1002805b     zlibwapi.exp
 0002:00009063       $N00034                    10028063     zlibwapi.exp
 0002:00009069       $N00014                    10028069     zlibwapi.exp
 0002:00009071       $N00015                    10028071     zlibwapi.exp
 0002:00009079       $N00171                    10028079     zlibwapi.exp
 0002:00009081       $N00172                    10028081     zlibwapi.exp
 0002:0000908a       $N00030                    1002808a     zlibwapi.exp
 0002:00009091       $N00161                    10028091     zlibwapi.exp
 0002:00009099       $N00041                    10028099     zlibwapi.exp
 0002:000090a0       $N00150                    100280a0     zlibwapi.exp
 0002:000090a9       $N00016                    100280a9     zlibwapi.exp
 0002:000090b0       $N00165                    100280b0     zlibwapi.exp
 0002:000090b9       $N00028                    100280b9     zlibwapi.exp
 0002:000090c2       $N00029                    100280c2     zlibwapi.exp
 0002:000090c9       $N00040                    100280c9     zlibwapi.exp
 0002:000090d0       $N00017                    100280d0     zlibwapi.exp
 0002:000090d7       $N00032                    100280d7     zlibwapi.exp
 0002:000090e0       $N00031                    100280e0     zlibwapi.exp
 0002:000090e7       $N00035                    100280e7     zlibwapi.exp
 0002:000090f3       $N00033                    100280f3     zlibwapi.exp
 0002:000090fa       $N00049                    100280fa     zlibwapi.exp
 0002:00009103       $N00167                    10028103     zlibwapi.exp
 0002:0000910d       $N00018                    1002810d     zlibwapi.exp
 0002:00009115       $N00019                    10028115     zlibwapi.exp
 0002:0000911d       $N00044                    1002811d     zlibwapi.exp
 0002:00009129       $N00045                    10028129     zlibwapi.exp
 0002:00009138       $N00043                    10028138     zlibwapi.exp
 0002:00009149       $N00168                    10028149     zlibwapi.exp
 0002:0000915a       $N00042                    1002815a     zlibwapi.exp
 0002:00009166       $N00020                    10028166     zlibwapi.exp
 0002:00009171       $N00166                    10028171     zlibwapi.exp
 0002:00009186       $N00156                    10028186     zlibwapi.exp
 0002:00009197       $N00021                    10028197     zlibwapi.exp
 0002:000091a5       $N00022                    100281a5     zlibwapi.exp
 0002:000091b2       $N00157                    100281b2     zlibwapi.exp
 0002:000091be       $N00158                    100281be     zlibwapi.exp
 0002:000091cb       $N00159                    100281cb     zlibwapi.exp
 0002:000091d9       $N00023                    100281d9     zlibwapi.exp
 0002:000091e6       $N00163                    100281e6     zlibwapi.exp
 0002:000091f7       $N00024                    100281f7     zlibwapi.exp
 0002:0000920c       $N00025                    1002820c     zlibwapi.exp
 0002:00009218       $N00037                    10028218     zlibwapi.exp
 0002:00009229       $N00160                    10028229     zlibwapi.exp
 0002:0000923a       $N00169                    1002823a     zlibwapi.exp
 0002:0000924a       $N00170                    1002824a     zlibwapi.exp
 0002:00009256       $N00026                    10028256     zlibwapi.exp
 0002:00009261       $N00062                    10028261     zlibwapi.exp
 0002:0000926a       $N00072                    1002826a     zlibwapi.exp
 0002:0000927e       $N00124                    1002827e     zlibwapi.exp
 0002:00009296       $N00064                    10028296     zlibwapi.exp
 0002:000092ac       $N00125                    100282ac     zlibwapi.exp
 0002:000092ca       $N00127                    100282ca     zlibwapi.exp
 0002:000092da       $N00100                    100282da     zlibwapi.exp
 0002:000092e8       $N00073                    100282e8     zlibwapi.exp
 0002:000092fc       $N00122                    100282fc     zlibwapi.exp
 0002:0000930f       $N00063                    1002830f     zlibwapi.exp
 0002:00009320       $N00076                    10028320     zlibwapi.exp
 0002:00009336       $N00128                    10028336     zlibwapi.exp
 0002:00009347       $N00101                    10028347     zlibwapi.exp
 0002:00009356       $N00065                    10028356     zlibwapi.exp
 0002:00009367       $N00066                    10028367     zlibwapi.exp
 0002:00009377       $N00075                    10028377     zlibwapi.exp
 0002:00009385       $N00077                    10028385     zlibwapi.exp
 0002:0000938e       $N00121                    1002838e     zlibwapi.exp
 0002:0000939a       $N00120                    1002839a     zlibwapi.exp
 0002:000093a4       $N00061                    100283a4     zlibwapi.exp
 0002:000093ac       $N00078                    100283ac     zlibwapi.exp
 0002:000093c0       $N00069                    100283c0     zlibwapi.exp
 0002:000093d4       $N00067                    100283d4     zlibwapi.exp
 0002:000093e7       $N00079                    100283e7     zlibwapi.exp
 0002:00009402       $N00068                    10028402     zlibwapi.exp
 0002:00009415       $N00074                    10028415     zlibwapi.exp
 0002:0000942e       $N00071                    1002842e     zlibwapi.exp
 0002:00009435       $N00126                    10028435     zlibwapi.exp
 0002:0000943f       $N00070                    1002843f     zlibwapi.exp
 0002:00009447       $N00036                    10028447     zlibwapi.exp
 0002:0000944e       $N00084                    1002844e     zlibwapi.exp
 0002:00009457       $N00083                    10028457     zlibwapi.exp
 0002:00009469       $N00136                    10028469     zlibwapi.exp
 0002:00009480       $N00087                    10028480     zlibwapi.exp
 0002:00009495       $N00088                    10028495     zlibwapi.exp
 0002:0000949e       $N00131                    1002849e     zlibwapi.exp
 0002:000094aa       $N00130                    100284aa     zlibwapi.exp
 0002:000094b4       $N00080                    100284b4     zlibwapi.exp
 0002:000094bc       $N00086                    100284bc     zlibwapi.exp
 0002:000094d1       $N00133                    100284d1     zlibwapi.exp
 0002:000094e9       $N00089                    100284e9     zlibwapi.exp
 0002:000094fe       $N00134                    100284fe     zlibwapi.exp
 0002:00009516       $N00135                    10028516     zlibwapi.exp
 0002:0000952e       $N00132                    1002852e     zlibwapi.exp
 0002:00009544       $N00081                    10028544     zlibwapi.exp
 0002:00009558       $N00082                    10028558     zlibwapi.exp
 0002:0000956c       $N00050                    1002856c     zlibwapi.exp
 0002:0000957d       $N00027                    1002857d     zlibwapi.exp
 0002:00009724       .idata$6                   10028724     kernel32:KERNEL32.dll
 0003:00000010       _errtable                  10029010     LIBCMT:dosmap.obj
 0003:00000178       _ErrnoNoMem                10029178     LIBCMT:dosmap.obj
 0003:0000017c       _DoserrorNoMem             1002917c     LIBCMT:dosmap.obj
 0003:000002c0       ?isPackaged@?1??__crtIsPackagedApp@@9@9 100292c0     LIBCMT:winapisupp.obj
 0003:000006f8       ___rgctypeflag             100296f8     LIBCMT:mbctype.obj
 0003:00000700       ___rgcode_page_info        10029700     LIBCMT:mbctype.obj
 0003:00000cb0       __locktable                10029cb0     LIBCMT:mlock.obj
 0003:00000e88       __ctype_loc_style          10029e88     LIBCMT:wsetloca.obj
 0003:00000ea8       _DoubleFormat              10029ea8     LIBCMT:intrncvt.obj
 0003:00000ec0       _FloatFormat               10029ec0     LIBCMT:intrncvt.obj
 0003:000011a0       _over                      1002a1a0     LIBCMT:fpctrl.obj
 0003:000011ac       _under                     1002a1ac     LIBCMT:fpctrl.obj
 0003:000011b8       ?__DAZ_ENABLED@?1??__set_fpsr_sse2@@9@9 1002a1b8     LIBCMT:fpctrl.obj
 0003:000011c0       ___proc_attached           1002a1c0     LIBCMT:dllcrt0.obj
 0003:00001318       ?outmsg@?9??_NMSG_WRITE@@9@9 1002a318     LIBCMT:crt0msg.obj
 0003:0000195c       _fSystemSet                1002a95c     LIBCMT:mbctype.obj
 0003:00001968       ?_pgmname@?1??_setargv@@9@9 1002a968     LIBCMT:stdargv.obj
 0003:00001a70       _lclcritsects              1002aa70     LIBCMT:mlock.obj
 0003:00001bcc       _ctrlc_action              1002abcc     LIBCMT:winsig.obj
 0003:00001bd0       _ctrlbreak_action          1002abd0     LIBCMT:winsig.obj
 0003:00001bd4       _abort_action              1002abd4     LIBCMT:winsig.obj
 0003:00001bd8       _term_action               1002abd8     LIBCMT:winsig.obj
 0003:00001bdc       _ConsoleCtrlHandler_Installed 1002abdc     LIBCMT:winsig.obj
 0003:00001be0       _g_pfnRtlGenRandom         1002abe0     LIBCMT:rand_s.obj
 0003:00001bf0       ?pfnMessageBox@?1??__crtMessageBoxW@@9@9 1002abf0     LIBCMT:crtmboxw.obj
 0003:00001bf4       ?pfnGetActiveWindow@?1??__crtMessageBoxW@@9@9 1002abf4     LIBCMT:crtmboxw.obj
 0003:00001bf8       ?pfnGetLastActivePopup@?1??__crtMessageBoxW@@9@9 1002abf8     LIBCMT:crtmboxw.obj
 0003:00001bfc       ?pfnGetProcessWindowStation@?1??__crtMessageBoxW@@9@9 1002abfc     LIBCMT:crtmboxw.obj
 0003:00001c00       ?pfnGetUserObjectInformation@?1??__crtMessageBoxW@@9@9 1002ac00     LIBCMT:crtmboxw.obj
 0003:00001c04       ___enable_percent_n        1002ac04     LIBCMT:printf.obj
 0003:00001c10       _GS_ExceptionRecord        1002ac10     LIBCMT:gs_report.obj
 0003:00001c60       _GS_ContextRecord          1002ac60     LIBCMT:gs_report.obj
 0003:00001f2c       _DebuggerWasPresent        1002af2c     LIBCMT:gs_report.obj
 0003:00001f3c       ___crtCallProc             1002af3c     LIBCMT:winapinls.obj
 0003:00001f4c       ?calls@?1??crypthead@@9@9  1002af4c     zip.obj
 0004:00000060       $R000000                   1002d060     zlib.res
